Archive member included to satisfy reference by file (symbol)

/usr/lib/gcc/arm-none-eabi/10.3.1/thumb/v6-m/nofp/libgcc.a(_dvmd_tls.o)
                              CMakeFiles/blink.dir/home/wilbrink/pico/pico-sdk/src/rp2_common/pico_divider/divider.S.obj (__aeabi_idiv0)
/usr/lib/gcc/arm-none-eabi/10.3.1/../../../arm-none-eabi/lib/thumb/v6-m/nofp/libg.a(lib_a-atexit.o)
                              /usr/lib/gcc/arm-none-eabi/10.3.1/../../../arm-none-eabi/lib/thumb/v6-m/nofp/crt0.o (atexit)
/usr/lib/gcc/arm-none-eabi/10.3.1/../../../arm-none-eabi/lib/thumb/v6-m/nofp/libg.a(lib_a-calloc.o)
                              CMakeFiles/blink.dir/home/wilbrink/pico/pico-sdk/src/rp2_common/pico_malloc/pico_malloc.c.obj (calloc)
/usr/lib/gcc/arm-none-eabi/10.3.1/../../../arm-none-eabi/lib/thumb/v6-m/nofp/libg.a(lib_a-callocr.o)
                              /usr/lib/gcc/arm-none-eabi/10.3.1/../../../arm-none-eabi/lib/thumb/v6-m/nofp/libg.a(lib_a-calloc.o) (_calloc_r)
/usr/lib/gcc/arm-none-eabi/10.3.1/../../../arm-none-eabi/lib/thumb/v6-m/nofp/libg.a(lib_a-fini.o)
                              /usr/lib/gcc/arm-none-eabi/10.3.1/../../../arm-none-eabi/lib/thumb/v6-m/nofp/crt0.o (__libc_fini_array)
/usr/lib/gcc/arm-none-eabi/10.3.1/../../../arm-none-eabi/lib/thumb/v6-m/nofp/libg.a(lib_a-impure.o)
                              /usr/lib/gcc/arm-none-eabi/10.3.1/../../../arm-none-eabi/lib/thumb/v6-m/nofp/libg.a(lib_a-calloc.o) (_impure_ptr)
/usr/lib/gcc/arm-none-eabi/10.3.1/../../../arm-none-eabi/lib/thumb/v6-m/nofp/libg.a(lib_a-init.o)
                              /usr/lib/gcc/arm-none-eabi/10.3.1/../../../arm-none-eabi/lib/thumb/v6-m/nofp/crt0.o (__libc_init_array)
/usr/lib/gcc/arm-none-eabi/10.3.1/../../../arm-none-eabi/lib/thumb/v6-m/nofp/libg.a(lib_a-malloc.o)
                              CMakeFiles/blink.dir/home/wilbrink/pico/pico-sdk/src/rp2_common/pico_malloc/pico_malloc.c.obj (malloc)
/usr/lib/gcc/arm-none-eabi/10.3.1/../../../arm-none-eabi/lib/thumb/v6-m/nofp/libg.a(lib_a-mallocr.o)
                              /usr/lib/gcc/arm-none-eabi/10.3.1/../../../arm-none-eabi/lib/thumb/v6-m/nofp/libg.a(lib_a-callocr.o) (_malloc_r)
/usr/lib/gcc/arm-none-eabi/10.3.1/../../../arm-none-eabi/lib/thumb/v6-m/nofp/libg.a(lib_a-mlock.o)
                              /usr/lib/gcc/arm-none-eabi/10.3.1/../../../arm-none-eabi/lib/thumb/v6-m/nofp/libg.a(lib_a-mallocr.o) (__malloc_lock)
/usr/lib/gcc/arm-none-eabi/10.3.1/../../../arm-none-eabi/lib/thumb/v6-m/nofp/libg.a(lib_a-realloc.o)
                              CMakeFiles/blink.dir/home/wilbrink/pico/pico-sdk/src/rp2_common/pico_malloc/pico_malloc.c.obj (realloc)
/usr/lib/gcc/arm-none-eabi/10.3.1/../../../arm-none-eabi/lib/thumb/v6-m/nofp/libg.a(lib_a-reallocr.o)
                              /usr/lib/gcc/arm-none-eabi/10.3.1/../../../arm-none-eabi/lib/thumb/v6-m/nofp/libg.a(lib_a-realloc.o) (_realloc_r)
/usr/lib/gcc/arm-none-eabi/10.3.1/../../../arm-none-eabi/lib/thumb/v6-m/nofp/libg.a(lib_a-sbrkr.o)
                              /usr/lib/gcc/arm-none-eabi/10.3.1/../../../arm-none-eabi/lib/thumb/v6-m/nofp/libg.a(lib_a-mallocr.o) (_sbrk_r)
/usr/lib/gcc/arm-none-eabi/10.3.1/../../../arm-none-eabi/lib/thumb/v6-m/nofp/libg.a(lib_a-strlen-stub.o)
                              CMakeFiles/blink.dir/home/wilbrink/pico/pico-sdk/src/rp2_common/pico_stdio/stdio.c.obj (strlen)
/usr/lib/gcc/arm-none-eabi/10.3.1/../../../arm-none-eabi/lib/thumb/v6-m/nofp/libg.a(lib_a-__atexit.o)
                              /usr/lib/gcc/arm-none-eabi/10.3.1/../../../arm-none-eabi/lib/thumb/v6-m/nofp/libg.a(lib_a-atexit.o) (__register_exitproc)
/usr/lib/gcc/arm-none-eabi/10.3.1/../../../arm-none-eabi/lib/thumb/v6-m/nofp/libg.a(lib_a-freer.o)
                              /usr/lib/gcc/arm-none-eabi/10.3.1/../../../arm-none-eabi/lib/thumb/v6-m/nofp/libg.a(lib_a-malloc.o) (_free_r)
/usr/lib/gcc/arm-none-eabi/10.3.1/../../../arm-none-eabi/lib/thumb/v6-m/nofp/libg.a(lib_a-memmove.o)
                              /usr/lib/gcc/arm-none-eabi/10.3.1/../../../arm-none-eabi/lib/thumb/v6-m/nofp/libg.a(lib_a-reallocr.o) (memmove)
/usr/lib/gcc/arm-none-eabi/10.3.1/../../../arm-none-eabi/lib/thumb/v6-m/nofp/libg.a(lib_a-reent.o)
                              /usr/lib/gcc/arm-none-eabi/10.3.1/../../../arm-none-eabi/lib/thumb/v6-m/nofp/libg.a(lib_a-sbrkr.o) (errno)

Discarded input sections

 .text          0x0000000000000000        0x0 /usr/lib/gcc/arm-none-eabi/10.3.1/thumb/v6-m/nofp/crti.o
 .data          0x0000000000000000        0x0 /usr/lib/gcc/arm-none-eabi/10.3.1/thumb/v6-m/nofp/crti.o
 .bss           0x0000000000000000        0x0 /usr/lib/gcc/arm-none-eabi/10.3.1/thumb/v6-m/nofp/crti.o
 .data          0x0000000000000000        0x4 /usr/lib/gcc/arm-none-eabi/10.3.1/thumb/v6-m/nofp/crtbegin.o
 .rodata        0x0000000000000000       0x24 /usr/lib/gcc/arm-none-eabi/10.3.1/thumb/v6-m/nofp/crtbegin.o
 .fini_array    0x0000000000000000        0x4 /usr/lib/gcc/arm-none-eabi/10.3.1/thumb/v6-m/nofp/crtbegin.o
[...]
Memory Configuration

Name             Origin             Length             Attributes
FLASH            0x0000000010000000 0x0000000000200000 xr
RAM              0x0000000020000000 0x0000000000040000 xrw
SCRATCH_X        0x0000000020040000 0x0000000000001000 xrw
SCRATCH_Y        0x0000000020041000 0x0000000000001000 xrw
*default*        0x0000000000000000 0xffffffffffffffff

Linker script and memory map

LOAD /usr/lib/gcc/arm-none-eabi/10.3.1/thumb/v6-m/nofp/crti.o
LOAD /usr/lib/gcc/arm-none-eabi/10.3.1/thumb/v6-m/nofp/crtbegin.o
LOAD /usr/lib/gcc/arm-none-eabi/10.3.1/../../../arm-none-eabi/lib/thumb/v6-m/nofp/crt0.o

.flash_begin    0x0000000010000000        0x0
                0x0000000010000000                __flash_binary_start = .

.boot2          0x0000000010000000      0x100
                0x0000000010000000                __boot2_start__ = .
 *(.boot2)
 .boot2         0x0000000010000000      0x100 /tmp/ccCDvi2d.o
                0x0000000010000100                __boot2_end__ = .
                0x0000000000000001                ASSERT (((__boot2_end__ - __boot2_start__) == 0x100), ERROR: Pico second stage bootloader must be 256 bytes in size)

.text           0x0000000010000100     0x6cf0
                0x0000000010000100                __logical_binary_start = .
 *(.vectors)
 .vectors       0x0000000010000100       0xd4 CMakeFiles/blink.dir/home/wilbrink/pico/pico-sdk/src/rp2_common/pico_standard_link/crt0.S.obj
                0x0000000010000100                __vectors
                0x0000000010000100                __VECTOR_TABLE
                0x00000000100001c0                isr_invalid
                0x00000000100001c0                __default_isrs_start
                0x00000000100001c2                isr_nmi
                0x00000000100001c4                isr_hardfault
                0x00000000100001c6                isr_svcall
                0x00000000100001c8                isr_pendsv
                0x00000000100001ca                isr_systick
                0x00000000100001cc                isr_irq30
                0x00000000100001cc                __unhandled_user_irq
                0x00000000100001cc                isr_irq13
                0x00000000100001cc                isr_irq27
                0x00000000100001cc                isr_irq31
                0x00000000100001cc                isr_irq5
                0x00000000100001cc                isr_irq11
                0x00000000100001cc                isr_irq23
                0x00000000100001cc                isr_irq18
                0x00000000100001cc                isr_irq28
                0x00000000100001cc                isr_irq19
                0x00000000100001cc                isr_irq0
                0x00000000100001cc                isr_irq6
                0x00000000100001cc                isr_irq22
                0x00000000100001cc                isr_irq17
                0x00000000100001cc                isr_irq14
                0x00000000100001cc                isr_irq2
                0x00000000100001cc                isr_irq10
                0x00000000100001cc                isr_irq8
                0x00000000100001cc                isr_irq24
                0x00000000100001cc                isr_irq1
                0x00000000100001cc                isr_irq7
                0x00000000100001cc                isr_irq21
                0x00000000100001cc                isr_irq20
                0x00000000100001cc                isr_irq15
                0x00000000100001cc                isr_irq25
                0x00000000100001cc                isr_irq4
                0x00000000100001cc                isr_irq16
                0x00000000100001cc                isr_irq29
                0x00000000100001cc                isr_irq26
                0x00000000100001cc                __default_isrs_end
                0x00000000100001cc                isr_irq3
                0x00000000100001cc                isr_irq12
                0x00000000100001cc                isr_irq9
                0x00000000100001d2                unhandled_user_irq_num_in_r0
 *(.binary_info_header)
 .binary_info_header
                0x00000000100001d4       0x14 CMakeFiles/blink.dir/home/wilbrink/pico/pico-sdk/src/rp2_common/pico_standard_link/crt0.S.obj
                0x00000000100001e8                __binary_info_header_end = .
 *(.reset)
 .reset         0x00000000100001e8       0xa0 CMakeFiles/blink.dir/home/wilbrink/pico/pico-sdk/src/rp2_common/pico_standard_link/crt0.S.obj
                0x00000000100001e8                _entry_point
 .reset         0x0000000010000288       0x30 CMakeFiles/blink.dir/home/wilbrink/pico/pico-sdk/src/rp2_common/pico_standard_link/binary_info.c.obj
 *(.init)
 .init          0x00000000100002b8        0x4 /usr/lib/gcc/arm-none-eabi/10.3.1/thumb/v6-m/nofp/crti.o
                0x00000000100002b8                _init
 *(EXCLUDE_FILE(*libm.a: *libc.a:*lib_a-mem*.o *libgcc.a:) .text*)
 .text          0x00000000100002bc       0x98 /usr/lib/gcc/arm-none-eabi/10.3.1/thumb/v6-m/nofp/crtbegin.o
 .text.main     0x0000000010000354       0x3c CMakeFiles/blink.dir/main.c.obj
                0x0000000010000354                main
 .text.gpio_set_function
                0x0000000010000390       0x30 CMakeFiles/blink.dir/home/wilbrink/pico/pico-sdk/src/rp2_common/hardware_gpio/gpio.c.obj
                0x0000000010000390                gpio_set_function
 .text.gpio_init
                0x00000000100003c0       0x16 CMakeFiles/blink.dir/home/wilbrink/pico/pico-sdk/src/rp2_common/hardware_gpio/gpio.c.obj
                0x00000000100003c0                gpio_init
 *fill*         0x00000000100003d6        0x2 
 .text.running_on_fpga
                0x00000000100003d8       0x14 CMakeFiles/blink.dir/home/wilbrink/pico/pico-sdk/src/rp2_common/pico_platform/platform.c.obj
                0x00000000100003d8                running_on_fpga
 .text.hw_claim_lock
                0x00000000100003ec       0x18 CMakeFiles/blink.dir/home/wilbrink/pico/pico-sdk/src/rp2_common/hardware_claim/claim.c.obj
                0x00000000100003ec                hw_claim_lock
 .text.hw_claim_unlock
                0x0000000010000404       0x14 CMakeFiles/blink.dir/home/wilbrink/pico/pico-sdk/src/rp2_common/hardware_claim/claim.c.obj
                0x0000000010000404                hw_claim_unlock
 .text.hw_claim_or_assert
                0x0000000010000418       0x32 CMakeFiles/blink.dir/home/wilbrink/pico/pico-sdk/src/rp2_common/hardware_claim/claim.c.obj
                0x0000000010000418                hw_claim_or_assert
 .text.hw_claim_unused_from_range
                0x000000001000044a       0x50 CMakeFiles/blink.dir/home/wilbrink/pico/pico-sdk/src/rp2_common/hardware_claim/claim.c.obj
                0x000000001000044a                hw_claim_unused_from_range
 *fill*         0x000000001000049a        0x2 
 .text.spin_locks_reset
                0x000000001000049c       0x20 CMakeFiles/blink.dir/home/wilbrink/pico/pico-sdk/src/rp2_common/hardware_sync/sync.c.obj
                0x000000001000049c                spin_locks_reset
 .text.next_striped_spin_lock_num
                0x00000000100004bc       0x1c CMakeFiles/blink.dir/home/wilbrink/pico/pico-sdk/src/rp2_common/hardware_sync/sync.c.obj
                0x00000000100004bc                next_striped_spin_lock_num
 .text.spin_lock_claim_unused
                0x00000000100004d8       0x20 CMakeFiles/blink.dir/home/wilbrink/pico/pico-sdk/src/rp2_common/hardware_sync/sync.c.obj
                0x00000000100004d8                spin_lock_claim_unused
 .text.set_raw_irq_handler_and_unlock
                0x00000000100004f8       0x28 CMakeFiles/blink.dir/home/wilbrink/pico/pico-sdk/src/rp2_common/hardware_irq/irq.c.obj
 .text.make_branch
                0x0000000010000520       0x48 CMakeFiles/blink.dir/home/wilbrink/pico/pico-sdk/src/rp2_common/hardware_irq/irq.c.obj
 .text.insert_branch_and_link
                0x0000000010000568       0x40 CMakeFiles/blink.dir/home/wilbrink/pico/pico-sdk/src/rp2_common/hardware_irq/irq.c.obj
 .text.irq_is_enabled
                0x00000000100005a8       0x18 CMakeFiles/blink.dir/home/wilbrink/pico/pico-sdk/src/rp2_common/hardware_irq/irq.c.obj
                0x00000000100005a8                irq_is_enabled
 .text.irq_set_mask_enabled
                0x00000000100005c0       0x20 CMakeFiles/blink.dir/home/wilbrink/pico/pico-sdk/src/rp2_common/hardware_irq/irq.c.obj
                0x00000000100005c0                irq_set_mask_enabled
 .text.irq_set_enabled
                0x00000000100005e0        0xe CMakeFiles/blink.dir/home/wilbrink/pico/pico-sdk/src/rp2_common/hardware_irq/irq.c.obj
                0x00000000100005e0                irq_set_enabled
 *fill*         0x00000000100005ee        0x2 
 .text.irq_set_pending
                0x00000000100005f0       0x10 CMakeFiles/blink.dir/home/wilbrink/pico/pico-sdk/src/rp2_common/hardware_irq/irq.c.obj
                0x00000000100005f0                irq_set_pending
 .text.irq_get_vtable_handler
                0x0000000010000600       0x10 CMakeFiles/blink.dir/home/wilbrink/pico/pico-sdk/src/rp2_common/hardware_irq/irq.c.obj
                0x0000000010000600                irq_get_vtable_handler
 .text.irq_has_shared_handler
                0x0000000010000610       0x24 CMakeFiles/blink.dir/home/wilbrink/pico/pico-sdk/src/rp2_common/hardware_irq/irq.c.obj
                0x0000000010000610                irq_has_shared_handler
 .text.irq_set_exclusive_handler
                0x0000000010000634       0x54 CMakeFiles/blink.dir/home/wilbrink/pico/pico-sdk/src/rp2_common/hardware_irq/irq.c.obj
                0x0000000010000634                irq_set_exclusive_handler
 .text.irq_add_shared_handler
                0x0000000010000688      0x234 CMakeFiles/blink.dir/home/wilbrink/pico/pico-sdk/src/rp2_common/hardware_irq/irq.c.obj
                0x0000000010000688                irq_add_shared_handler
 .text.irq_remove_handler
                0x00000000100008bc      0x1ac CMakeFiles/blink.dir/home/wilbrink/pico/pico-sdk/src/rp2_common/hardware_irq/irq.c.obj
                0x00000000100008bc                irq_remove_handler
 .text.irq_add_tail_to_free_list
                0x0000000010000a68       0xf0 CMakeFiles/blink.dir/home/wilbrink/pico/pico-sdk/src/rp2_common/hardware_irq/irq.c.obj
                0x0000000010000a68                irq_add_tail_to_free_list
 .text.irq_init_priorities
                0x0000000010000b58       0x1c CMakeFiles/blink.dir/home/wilbrink/pico/pico-sdk/src/rp2_common/hardware_irq/irq.c.obj
                0x0000000010000b58                irq_init_priorities
 .text.user_irq_claim_unused
                0x0000000010000b74       0x28 CMakeFiles/blink.dir/home/wilbrink/pico/pico-sdk/src/rp2_common/hardware_irq/irq.c.obj
                0x0000000010000b74                user_irq_claim_unused
 .text.lock_init
                0x0000000010000b9c       0x10 CMakeFiles/blink.dir/home/wilbrink/pico/pico-sdk/src/common/pico_sync/lock_core.c.obj
                0x0000000010000b9c                lock_init
 .text.mutex_init
                0x0000000010000bac       0x1a CMakeFiles/blink.dir/home/wilbrink/pico/pico-sdk/src/common/pico_sync/mutex.c.obj
                0x0000000010000bac                mutex_init
 .text.recursive_mutex_init
                0x0000000010000bc6       0x1e CMakeFiles/blink.dir/home/wilbrink/pico/pico-sdk/src/common/pico_sync/mutex.c.obj
                0x0000000010000bc6                recursive_mutex_init
 .text.critical_section_init_with_lock_num
                0x0000000010000be4       0x14 CMakeFiles/blink.dir/home/wilbrink/pico/pico-sdk/src/common/pico_sync/critical_section.c.obj
                0x0000000010000be4                critical_section_init_with_lock_num
 .text.critical_section_init
                0x0000000010000bf8       0x14 CMakeFiles/blink.dir/home/wilbrink/pico/pico-sdk/src/common/pico_sync/critical_section.c.obj
                0x0000000010000bf8                critical_section_init
 .text.alarm_pool_post_alloc_init
                0x0000000010000c0c       0x40 CMakeFiles/blink.dir/home/wilbrink/pico/pico-sdk/src/common/pico_time/time.c.obj
 .text.sleep_until_callback
                0x0000000010000c4c       0x30 CMakeFiles/blink.dir/home/wilbrink/pico/pico-sdk/src/common/pico_time/time.c.obj
 .text.timer_pool_entry_comparator
                0x0000000010000c7c       0x7c CMakeFiles/blink.dir/home/wilbrink/pico/pico-sdk/src/common/pico_time/time.c.obj
                0x0000000010000c7c                timer_pool_entry_comparator
 .text.ph_add_child_node
                0x0000000010000cf8       0xa4 CMakeFiles/blink.dir/home/wilbrink/pico/pico-sdk/src/common/pico_time/time.c.obj
 .text.ph_merge_nodes
                0x0000000010000d9c       0x3e CMakeFiles/blink.dir/home/wilbrink/pico/pico-sdk/src/common/pico_time/time.c.obj
 *fill*         0x0000000010000dda        0x2 
 .text.add_alarm_under_lock
                0x0000000010000ddc      0x174 CMakeFiles/blink.dir/home/wilbrink/pico/pico-sdk/src/common/pico_time/time.c.obj
 .text.alarm_pool_alarm_callback
                0x0000000010000f50      0x33c CMakeFiles/blink.dir/home/wilbrink/pico/pico-sdk/src/common/pico_time/time.c.obj
 .text.alarm_pool_init_default
                0x000000001000128c       0x40 CMakeFiles/blink.dir/home/wilbrink/pico/pico-sdk/src/common/pico_time/time.c.obj
                0x000000001000128c                alarm_pool_init_default
 .text.alarm_pool_get_default
                0x00000000100012cc       0x2c CMakeFiles/blink.dir/home/wilbrink/pico/pico-sdk/src/common/pico_time/time.c.obj
                0x00000000100012cc                alarm_pool_get_default
 .text.alarm_pool_add_alarm_at
                0x00000000100012f8      0x168 CMakeFiles/blink.dir/home/wilbrink/pico/pico-sdk/src/common/pico_time/time.c.obj
                0x00000000100012f8                alarm_pool_add_alarm_at
 .text.alarm_pool_cancel_alarm
                0x0000000010001460       0xf8 CMakeFiles/blink.dir/home/wilbrink/pico/pico-sdk/src/common/pico_time/time.c.obj
                0x0000000010001460                alarm_pool_cancel_alarm
 .text.alarm_pool_core_num
                0x0000000010001558        0x4 CMakeFiles/blink.dir/home/wilbrink/pico/pico-sdk/src/common/pico_time/time.c.obj
                0x0000000010001558                alarm_pool_core_num
 .text.sleep_until
                0x000000001000155c       0xfc CMakeFiles/blink.dir/home/wilbrink/pico/pico-sdk/src/common/pico_time/time.c.obj
                0x000000001000155c                sleep_until
 .text.sleep_us
                0x0000000010001658       0x58 CMakeFiles/blink.dir/home/wilbrink/pico/pico-sdk/src/common/pico_time/time.c.obj
                0x0000000010001658                sleep_us
 .text.sleep_ms
                0x00000000100016b0       0x14 CMakeFiles/blink.dir/home/wilbrink/pico/pico-sdk/src/common/pico_time/time.c.obj
                0x00000000100016b0                sleep_ms
 .text.best_effort_wfe_or_timeout
                0x00000000100016c4       0xac CMakeFiles/blink.dir/home/wilbrink/pico/pico-sdk/src/common/pico_time/time.c.obj
                0x00000000100016c4                best_effort_wfe_or_timeout
 .text.hardware_alarm_irq_handler
                0x0000000010001770       0x90 CMakeFiles/blink.dir/home/wilbrink/pico/pico-sdk/src/rp2_common/hardware_timer/timer.c.obj
 .text.hardware_alarm_claim
                0x0000000010001800       0x18 CMakeFiles/blink.dir/home/wilbrink/pico/pico-sdk/src/rp2_common/hardware_timer/timer.c.obj
                0x0000000010001800                hardware_alarm_claim
 .text.time_us_64
                0x0000000010001818       0x18 CMakeFiles/blink.dir/home/wilbrink/pico/pico-sdk/src/rp2_common/hardware_timer/timer.c.obj
                0x0000000010001818                time_us_64
 .text.busy_wait_until
                0x0000000010001830       0x28 CMakeFiles/blink.dir/home/wilbrink/pico/pico-sdk/src/rp2_common/hardware_timer/timer.c.obj
                0x0000000010001830                busy_wait_until
 .text.hardware_alarm_set_callback
                0x0000000010001858       0x90 CMakeFiles/blink.dir/home/wilbrink/pico/pico-sdk/src/rp2_common/hardware_timer/timer.c.obj
                0x0000000010001858                hardware_alarm_set_callback
 .text.hardware_alarm_set_target
                0x00000000100018e8       0xe8 CMakeFiles/blink.dir/home/wilbrink/pico/pico-sdk/src/rp2_common/hardware_timer/timer.c.obj
                0x00000000100018e8                hardware_alarm_set_target
 .text.hardware_alarm_cancel
                0x00000000100019d0       0x40 CMakeFiles/blink.dir/home/wilbrink/pico/pico-sdk/src/rp2_common/hardware_timer/timer.c.obj
                0x00000000100019d0                hardware_alarm_cancel
 .text.ph_add_child_node
                0x0000000010001a10       0xa4 CMakeFiles/blink.dir/home/wilbrink/pico/pico-sdk/src/common/pico_util/pheap.c.obj
 .text.ph_merge_nodes
                0x0000000010001ab4       0x3e CMakeFiles/blink.dir/home/wilbrink/pico/pico-sdk/src/common/pico_util/pheap.c.obj
 *fill*         0x0000000010001af2        0x2 
 .text.ph_clear
                0x0000000010001af4       0x70 CMakeFiles/blink.dir/home/wilbrink/pico/pico-sdk/src/common/pico_util/pheap.c.obj
                0x0000000010001af4                ph_clear
 .text.ph_post_alloc_init
                0x0000000010001b64        0xe CMakeFiles/blink.dir/home/wilbrink/pico/pico-sdk/src/common/pico_util/pheap.c.obj
                0x0000000010001b64                ph_post_alloc_init
 *fill*         0x0000000010001b72        0x2 
 .text.ph_merge_two_pass
                0x0000000010001b74       0xa8 CMakeFiles/blink.dir/home/wilbrink/pico/pico-sdk/src/common/pico_util/pheap.c.obj
                0x0000000010001b74                ph_merge_two_pass
 .text.ph_remove_any_head
                0x0000000010001c1c      0x128 CMakeFiles/blink.dir/home/wilbrink/pico/pico-sdk/src/common/pico_util/pheap.c.obj
 .text.ph_remove_head
                0x0000000010001d44       0x14 CMakeFiles/blink.dir/home/wilbrink/pico/pico-sdk/src/common/pico_util/pheap.c.obj
                0x0000000010001d44                ph_remove_head
 .text.ph_remove_and_free_node
                0x0000000010001d58       0xf8 CMakeFiles/blink.dir/home/wilbrink/pico/pico-sdk/src/common/pico_util/pheap.c.obj
                0x0000000010001d58                ph_remove_and_free_node
 .text.clock_configure
                0x0000000010001e50      0x108 CMakeFiles/blink.dir/home/wilbrink/pico/pico-sdk/src/rp2_common/hardware_clocks/clocks.c.obj
                0x0000000010001e50                clock_configure
 .text.clocks_init
                0x0000000010001f58      0x100 CMakeFiles/blink.dir/home/wilbrink/pico/pico-sdk/src/rp2_common/hardware_clocks/clocks.c.obj
                0x0000000010001f58                clocks_init
 .text.pll_init
                0x0000000010002058      0x120 CMakeFiles/blink.dir/home/wilbrink/pico/pico-sdk/src/rp2_common/hardware_pll/pll.c.obj
                0x0000000010002058                pll_init
 .text.watchdog_start_tick
                0x0000000010002178       0x10 CMakeFiles/blink.dir/home/wilbrink/pico/pico-sdk/src/rp2_common/hardware_watchdog/watchdog.c.obj
                0x0000000010002178                watchdog_start_tick
 .text.watchdog_update
                0x0000000010002188       0x14 CMakeFiles/blink.dir/home/wilbrink/pico/pico-sdk/src/rp2_common/hardware_watchdog/watchdog.c.obj
                0x0000000010002188                watchdog_update
 .text._watchdog_enable
                0x000000001000219c       0x78 CMakeFiles/blink.dir/home/wilbrink/pico/pico-sdk/src/rp2_common/hardware_watchdog/watchdog.c.obj
                0x000000001000219c                _watchdog_enable
 .text.watchdog_reboot
                0x0000000010002214       0x48 CMakeFiles/blink.dir/home/wilbrink/pico/pico-sdk/src/rp2_common/hardware_watchdog/watchdog.c.obj
                0x0000000010002214                watchdog_reboot
 .text.xosc_init
                0x000000001000225c       0x28 CMakeFiles/blink.dir/home/wilbrink/pico/pico-sdk/src/rp2_common/hardware_xosc/xosc.c.obj
                0x000000001000225c                xosc_init
 .text._exit    0x0000000010002284        0x4 CMakeFiles/blink.dir/home/wilbrink/pico/pico-sdk/src/rp2_common/pico_runtime/runtime.c.obj
                0x0000000010002284                _exit
 .text.exit     0x0000000010002288        0x6 CMakeFiles/blink.dir/home/wilbrink/pico/pico-sdk/src/rp2_common/pico_runtime/runtime.c.obj
                0x0000000010002288                exit
 *fill*         0x000000001000228e        0x2 
 .text.__assert_func
                0x0000000010002290       0x3c CMakeFiles/blink.dir/home/wilbrink/pico/pico-sdk/src/rp2_common/pico_runtime/runtime.c.obj
                0x0000000010002290                __assert_func
 .text.runtime_init
                0x00000000100022cc       0xf8 CMakeFiles/blink.dir/home/wilbrink/pico/pico-sdk/src/rp2_common/pico_runtime/runtime.c.obj
                0x00000000100022cc                runtime_init
 .text.panic    0x00000000100023c4       0x30 CMakeFiles/blink.dir/home/wilbrink/pico/pico-sdk/src/rp2_common/pico_runtime/runtime.c.obj
                0x00000000100023c4                panic
 .text._out_null
                0x00000000100023f4        0x2 CMakeFiles/blink.dir/home/wilbrink/pico/pico-sdk/src/rp2_common/pico_printf/printf.c.obj
 .text._out_fct
                0x00000000100023f6        0xe CMakeFiles/blink.dir/home/wilbrink/pico/pico-sdk/src/rp2_common/pico_printf/printf.c.obj
 .text._atoi    0x0000000010002404       0x24 CMakeFiles/blink.dir/home/wilbrink/pico/pico-sdk/src/rp2_common/pico_printf/printf.c.obj
 .text._out_rev
                0x0000000010002428       0xae CMakeFiles/blink.dir/home/wilbrink/pico/pico-sdk/src/rp2_common/pico_printf/printf.c.obj
 .text._ntoa_format
                0x00000000100024d6      0x112 CMakeFiles/blink.dir/home/wilbrink/pico/pico-sdk/src/rp2_common/pico_printf/printf.c.obj
 .text._ntoa_long
                0x00000000100025e8       0xbc CMakeFiles/blink.dir/home/wilbrink/pico/pico-sdk/src/rp2_common/pico_printf/printf.c.obj
 .text._ntoa_long_long
                0x00000000100026a4       0xe2 CMakeFiles/blink.dir/home/wilbrink/pico/pico-sdk/src/rp2_common/pico_printf/printf.c.obj
 *fill*         0x0000000010002786        0x2 
 .text._etoa    0x0000000010002788      0x414 CMakeFiles/blink.dir/home/wilbrink/pico/pico-sdk/src/rp2_common/pico_printf/printf.c.obj
 .text._ftoa    0x0000000010002b9c      0x354 CMakeFiles/blink.dir/home/wilbrink/pico/pico-sdk/src/rp2_common/pico_printf/printf.c.obj
 .text._vsnprintf
                0x0000000010002ef0      0x624 CMakeFiles/blink.dir/home/wilbrink/pico/pico-sdk/src/rp2_common/pico_printf/printf.c.obj
 .text.vfctprintf
                0x0000000010003514       0x20 CMakeFiles/blink.dir/home/wilbrink/pico/pico-sdk/src/rp2_common/pico_printf/printf.c.obj
                0x0000000010003514                vfctprintf
 .text          0x0000000010003534       0x10 CMakeFiles/blink.dir/home/wilbrink/pico/pico-sdk/src/rp2_common/pico_bit_ops/bit_ops_aeabi.S.obj
 .text.rom_func_lookup
                0x0000000010003544       0x10 CMakeFiles/blink.dir/home/wilbrink/pico/pico-sdk/src/rp2_common/pico_bootrom/bootrom.c.obj
                0x0000000010003544                rom_func_lookup
 .text.rom_data_lookup
                0x0000000010003554       0x10 CMakeFiles/blink.dir/home/wilbrink/pico/pico-sdk/src/rp2_common/pico_bootrom/bootrom.c.obj
                0x0000000010003554                rom_data_lookup
 .text.rom_funcs_lookup
                0x0000000010003564       0x36 CMakeFiles/blink.dir/home/wilbrink/pico/pico-sdk/src/rp2_common/pico_bootrom/bootrom.c.obj
                0x0000000010003564                rom_funcs_lookup
 *fill*         0x000000001000359a        0x2 
 .text.__wrap___aeabi_idiv
                0x000000001000359c       0x50 CMakeFiles/blink.dir/home/wilbrink/pico/pico-sdk/src/rp2_common/pico_divider/divider.S.obj
                0x000000001000359c                __wrap___aeabi_idivmod
                0x000000001000359c                divmod_s32s32
                0x000000001000359c                div_s32s32
                0x000000001000359c                __wrap___aeabi_idiv
                0x00000000100035a4                divmod_s32s32_unsafe
                0x00000000100035d0                divmod_s32s32_savestate
 .text.__wrap___aeabi_uidiv
                0x00000000100035ec       0x4c CMakeFiles/blink.dir/home/wilbrink/pico/pico-sdk/src/rp2_common/pico_divider/divider.S.obj
                0x00000000100035ec                __wrap___aeabi_uidiv
                0x00000000100035ec                __wrap___aeabi_uidivmod
                0x00000000100035ec                div_u32u32
                0x00000000100035ec                divmod_u32u32
                0x00000000100035f4                divmod_u32u32_unsafe
                0x000000001000361c                divmod_u32u32_savestate
 .text.__wrap___aeabi_ldiv
                0x0000000010003638      0x424 CMakeFiles/blink.dir/home/wilbrink/pico/pico-sdk/src/rp2_common/pico_divider/divider.S.obj
                0x0000000010003638                div_s64s64
                0x0000000010003638                divmod_s64s64
                0x0000000010003638                __wrap___aeabi_ldivmod
                0x0000000010003668                div_u64u64
                0x0000000010003668                divmod_u64u64
                0x0000000010003668                __wrap___aeabi_uldivmod
                0x0000000010003678                divmod_u64u64_savestate
                0x0000000010003698                divmod_s64s64_unsafe
                0x0000000010003720                divmod_u64u64_unsafe
 .text.__wrap___aeabi_darithmetic
                0x0000000010003a5c       0x80 CMakeFiles/blink.dir/home/wilbrink/pico/pico-sdk/src/rp2_common/pico_double/double_aeabi.S.obj
                0x0000000010003a5c                __wrap___aeabi_drsub
                0x0000000010003a62                __wrap___aeabi_dsub
                0x0000000010003a74                __wrap___aeabi_dadd
                0x0000000010003a86                __wrap___aeabi_ddiv
                0x0000000010003ac2                __wrap___aeabi_dmul
 .text.__wrap___aeabi_cdcmple
                0x0000000010003adc       0x6c CMakeFiles/blink.dir/home/wilbrink/pico/pico-sdk/src/rp2_common/pico_double/double_aeabi.S.obj
                0x0000000010003adc                __wrap___aeabi_cdrcmple
                0x0000000010003aec                __wrap___aeabi_cdcmple
                0x0000000010003aec                __wrap___aeabi_cdcmpeq
 .text.__wrap___aeabi_dcmplt
                0x0000000010003b48        0xc CMakeFiles/blink.dir/home/wilbrink/pico/pico-sdk/src/rp2_common/pico_double/double_aeabi.S.obj
                0x0000000010003b48                __wrap___aeabi_dcmplt
 .text.__wrap___aeabi_dcmple
                0x0000000010003b54       0x10 CMakeFiles/blink.dir/home/wilbrink/pico/pico-sdk/src/rp2_common/pico_double/double_aeabi.S.obj
                0x0000000010003b54                __wrap___aeabi_dcmple
 .text.__wrap___aeabi_dcmpge
                0x0000000010003b64       0x10 CMakeFiles/blink.dir/home/wilbrink/pico/pico-sdk/src/rp2_common/pico_double/double_aeabi.S.obj
                0x0000000010003b64                __wrap___aeabi_dcmpge
 .text.__wrap___aeabi_dcmpgt
                0x0000000010003b74        0xa CMakeFiles/blink.dir/home/wilbrink/pico/pico-sdk/src/rp2_common/pico_double/double_aeabi.S.obj
                0x0000000010003b74                __wrap___aeabi_dcmpgt
 .text.__wrap___aeabi_dcmpun
                0x0000000010003b7e       0x1c CMakeFiles/blink.dir/home/wilbrink/pico/pico-sdk/src/rp2_common/pico_double/double_aeabi.S.obj
                0x0000000010003b7e                __wrap___aeabi_dcmpun
 *fill*         0x0000000010003b9a        0x2 
 .text.__wrap___aeabi_i2d
                0x0000000010003b9c       0x38 CMakeFiles/blink.dir/home/wilbrink/pico/pico-sdk/src/rp2_common/pico_double/double_aeabi.S.obj
                0x0000000010003b9c                __wrap___aeabi_ui2d
                0x0000000010003ba4                __wrap___aeabi_i2d
 .text.__wrap___aeabi_d2iz
                0x0000000010003bd4       0x48 CMakeFiles/blink.dir/home/wilbrink/pico/pico-sdk/src/rp2_common/pico_double/double_aeabi.S.obj
                0x0000000010003bd4                __wrap___aeabi_d2iz
                0x0000000010003bd4                double2int_z
 .text.__wrap___aeabi_d2uiz
                0x0000000010003c1c       0x18 CMakeFiles/blink.dir/home/wilbrink/pico/pico-sdk/src/rp2_common/pico_double/double_aeabi.S.obj
                0x0000000010003c1c                double2uint
                0x0000000010003c1c                __wrap___aeabi_d2uiz
 .text.__aeabi_double_init
                0x0000000010003c34       0xc8 CMakeFiles/blink.dir/home/wilbrink/pico/pico-sdk/src/rp2_common/pico_double/double_init_rom.c.obj
                0x0000000010003c34                __aeabi_double_init
 .text.double_table_shim_on_use_helper
                0x0000000010003cfc       0x34 CMakeFiles/blink.dir/home/wilbrink/pico/pico-sdk/src/rp2_common/pico_double/double_v1_rom_shim.S.obj
                0x0000000010003cfc                double_table_shim_on_use_helper
 .text.__wrap___aeabi_dsub
                0x0000000010003d30       0x10 CMakeFiles/blink.dir/home/wilbrink/pico/pico-sdk/src/rp2_common/pico_double/double_v1_rom_shim.S.obj
                0x0000000010003d30                drsub_shim
                0x0000000010003d36                dsub_shim
 .text.dadd_shim
                0x0000000010003d40      0x15c CMakeFiles/blink.dir/home/wilbrink/pico/pico-sdk/src/rp2_common/pico_double/double_v1_rom_shim.S.obj
                0x0000000010003d40                dadd_shim
 .text.dmul_shim
                0x0000000010003e9c      0x15c CMakeFiles/blink.dir/home/wilbrink/pico/pico-sdk/src/rp2_common/pico_double/double_v1_rom_shim.S.obj
                0x0000000010003e9c                dmul_shim
 .text.ddiv_shim
                0x0000000010003ff8      0x1b0 CMakeFiles/blink.dir/home/wilbrink/pico/pico-sdk/src/rp2_common/pico_double/double_v1_rom_shim.S.obj
                0x0000000010003ff8                ddiv_shim
 .text.double2uint_shim
                0x00000000100041a8        0xe CMakeFiles/blink.dir/home/wilbrink/pico/pico-sdk/src/rp2_common/pico_double/double_v1_rom_shim.S.obj
                0x00000000100041a8                double2uint_shim
                0x00000000100041aa                double2ufix_shim
 *fill*         0x00000000100041b6        0x2 
 .text.double2uint64_shim
                0x00000000100041b8       0x70 CMakeFiles/blink.dir/home/wilbrink/pico/pico-sdk/src/rp2_common/pico_double/double_v1_rom_shim.S.obj
                0x00000000100041b8                double2uint64_shim
                0x00000000100041ba                double2ufix64_shim
                0x00000000100041da                d2fix_a
 .text.dunpacks
                0x0000000010004228       0x3c CMakeFiles/blink.dir/home/wilbrink/pico/pico-sdk/src/rp2_common/pico_double/double_v1_rom_shim.S.obj
                0x0000000010004228                dunpacks
 .text.__aeabi_lmul
                0x0000000010004264       0x32 CMakeFiles/blink.dir/home/wilbrink/pico/pico-sdk/src/rp2_common/pico_int64_ops/pico_int64_ops_aeabi.S.obj
                0x0000000010004264                __wrap___aeabi_lmul
 *fill*         0x0000000010004296        0x2 
 .text.__aeabi_float_init
                0x0000000010004298       0xfc CMakeFiles/blink.dir/home/wilbrink/pico/pico-sdk/src/rp2_common/pico_float/float_init_rom.c.obj
                0x0000000010004298                __aeabi_float_init
 .text.float_table_shim_on_use_helper
                0x0000000010004394       0x34 CMakeFiles/blink.dir/home/wilbrink/pico/pico-sdk/src/rp2_common/pico_float/float_v1_rom_shim.S.obj
                0x0000000010004394                float_table_shim_on_use_helper
 .text          0x00000000100043c8       0x10 CMakeFiles/blink.dir/home/wilbrink/pico/pico-sdk/src/rp2_common/pico_mem_ops/mem_ops_aeabi.S.obj
                0x00000000100043c8                __aeabi_mem_init
 .text.memset   0x00000000100043d8        0xc CMakeFiles/blink.dir/home/wilbrink/pico/pico-sdk/src/rp2_common/pico_mem_ops/mem_ops_aeabi.S.obj
                0x00000000100043d8                __wrap_memset
 .text.memcpy   0x00000000100043e4        0xc CMakeFiles/blink.dir/home/wilbrink/pico/pico-sdk/src/rp2_common/pico_mem_ops/mem_ops_aeabi.S.obj
                0x00000000100043e4                __wrap___aeabi_memcpy
                0x00000000100043e4                __wrap_memcpy
 .text.stdio_out_chars_no_crlf
                0x00000000100043f0        0xe CMakeFiles/blink.dir/home/wilbrink/pico/pico-sdk/src/rp2_common/pico_stdio/stdio.c.obj
 *fill*         0x00000000100043fe        0x2 
 .text.stdio_out_chars_crlf
                0x0000000010004400       0x80 CMakeFiles/blink.dir/home/wilbrink/pico/pico-sdk/src/rp2_common/pico_stdio/stdio.c.obj
 .text.stdio_stack_buffer_flush
                0x0000000010004480       0x44 CMakeFiles/blink.dir/home/wilbrink/pico/pico-sdk/src/rp2_common/pico_stdio/stdio.c.obj
 .text.stdio_buffered_printer
                0x00000000100044c4       0x20 CMakeFiles/blink.dir/home/wilbrink/pico/pico-sdk/src/rp2_common/pico_stdio/stdio.c.obj
 .text.stdout_serialize_begin
                0x00000000100044e4       0x5c CMakeFiles/blink.dir/home/wilbrink/pico/pico-sdk/src/rp2_common/pico_stdio/stdio.c.obj
                0x00000000100044e4                stdout_serialize_begin
 .text.stdout_serialize_end
                0x0000000010004540       0x10 CMakeFiles/blink.dir/home/wilbrink/pico/pico-sdk/src/rp2_common/pico_stdio/stdio.c.obj
                0x0000000010004540                stdout_serialize_end
 .text.stdio_put_string
                0x0000000010004550       0x98 CMakeFiles/blink.dir/home/wilbrink/pico/pico-sdk/src/rp2_common/pico_stdio/stdio.c.obj
 .text.stdio_set_driver_enabled
                0x00000000100045e8       0x2c CMakeFiles/blink.dir/home/wilbrink/pico/pico-sdk/src/rp2_common/pico_stdio/stdio.c.obj
                0x00000000100045e8                stdio_set_driver_enabled
 .text.stdio_flush
                0x0000000010004614       0x20 CMakeFiles/blink.dir/home/wilbrink/pico/pico-sdk/src/rp2_common/pico_stdio/stdio.c.obj
                0x0000000010004614                stdio_flush
 .text.__wrap_puts
                0x0000000010004634       0x1e CMakeFiles/blink.dir/home/wilbrink/pico/pico-sdk/src/rp2_common/pico_stdio/stdio.c.obj
                0x0000000010004634                __wrap_puts
 *fill*         0x0000000010004652        0x2 
 .text.__wrap_vprintf
                0x0000000010004654       0x40 CMakeFiles/blink.dir/home/wilbrink/pico/pico-sdk/src/rp2_common/pico_stdio/stdio.c.obj
                0x0000000010004654                __wrap_vprintf
 .text.__wrap_printf
                0x0000000010004694       0x18 CMakeFiles/blink.dir/home/wilbrink/pico/pico-sdk/src/rp2_common/pico_stdio/stdio.c.obj
                0x0000000010004694                __wrap_printf
 .text.stdio_init_all
                0x00000000100046ac        0x8 CMakeFiles/blink.dir/home/wilbrink/pico/pico-sdk/src/rp2_common/pico_stdio/stdio.c.obj
                0x00000000100046ac                stdio_init_all
 .text.resetd_init
                0x00000000100046b4        0x2 CMakeFiles/blink.dir/home/wilbrink/pico/pico-sdk/src/rp2_common/pico_stdio_usb/reset_interface.c.obj
 *fill*         0x00000000100046b6        0x2 
 .text.resetd_reset
                0x00000000100046b8        0xc CMakeFiles/blink.dir/home/wilbrink/pico/pico-sdk/src/rp2_common/pico_stdio_usb/reset_interface.c.obj
 .text.resetd_open
                0x00000000100046c4       0x34 CMakeFiles/blink.dir/home/wilbrink/pico/pico-sdk/src/rp2_common/pico_stdio_usb/reset_interface.c.obj
 .text.resetd_xfer_cb
                0x00000000100046f8        0x4 CMakeFiles/blink.dir/home/wilbrink/pico/pico-sdk/src/rp2_common/pico_stdio_usb/reset_interface.c.obj
 .text.reset_usb_boot
                0x00000000100046fc       0x18 CMakeFiles/blink.dir/home/wilbrink/pico/pico-sdk/src/rp2_common/pico_stdio_usb/reset_interface.c.obj
 .text.resetd_control_xfer_cb
                0x0000000010004714       0x5c CMakeFiles/blink.dir/home/wilbrink/pico/pico-sdk/src/rp2_common/pico_stdio_usb/reset_interface.c.obj
 .text.usbd_app_driver_get_cb
                0x0000000010004770        0xc CMakeFiles/blink.dir/home/wilbrink/pico/pico-sdk/src/rp2_common/pico_stdio_usb/reset_interface.c.obj
                0x0000000010004770                usbd_app_driver_get_cb
 .text.tud_cdc_line_coding_cb
                0x000000001000477c       0x28 CMakeFiles/blink.dir/home/wilbrink/pico/pico-sdk/src/rp2_common/pico_stdio_usb/reset_interface.c.obj
                0x000000001000477c                tud_cdc_line_coding_cb
 .text.stdio_usb_set_chars_available_callback
                0x00000000100047a4       0x14 CMakeFiles/blink.dir/home/wilbrink/pico/pico-sdk/src/rp2_common/pico_stdio_usb/stdio_usb.c.obj
                0x00000000100047a4                stdio_usb_set_chars_available_callback
 .text.usb_irq  0x00000000100047b8       0x10 CMakeFiles/blink.dir/home/wilbrink/pico/pico-sdk/src/rp2_common/pico_stdio_usb/stdio_usb.c.obj
 .text.timer_task
                0x00000000100047c8       0x5c CMakeFiles/blink.dir/home/wilbrink/pico/pico-sdk/src/rp2_common/pico_stdio_usb/stdio_usb.c.obj
 .text.low_priority_worker_irq
                0x0000000010004824       0xdc CMakeFiles/blink.dir/home/wilbrink/pico/pico-sdk/src/rp2_common/pico_stdio_usb/stdio_usb.c.obj
 .text.tud_cdc_rx_cb
                0x0000000010004900       0x20 CMakeFiles/blink.dir/home/wilbrink/pico/pico-sdk/src/rp2_common/pico_stdio_usb/stdio_usb.c.obj
                0x0000000010004900                tud_cdc_rx_cb
 .text.stdio_usb_init
                0x0000000010004920      0x11c CMakeFiles/blink.dir/home/wilbrink/pico/pico-sdk/src/rp2_common/pico_stdio_usb/stdio_usb.c.obj
                0x0000000010004920                stdio_usb_init
 .text.stdio_usb_connected
                0x0000000010004a3c        0xa CMakeFiles/blink.dir/home/wilbrink/pico/pico-sdk/src/rp2_common/pico_stdio_usb/stdio_usb.c.obj
                0x0000000010004a3c                stdio_usb_connected
 *fill*         0x0000000010004a46        0x2 
 .text.stdio_usb_in_chars
                0x0000000010004a48       0xc4 CMakeFiles/blink.dir/home/wilbrink/pico/pico-sdk/src/rp2_common/pico_stdio_usb/stdio_usb.c.obj
                0x0000000010004a48                stdio_usb_in_chars
 .text.stdio_usb_out_chars
                0x0000000010004b0c      0x114 CMakeFiles/blink.dir/home/wilbrink/pico/pico-sdk/src/rp2_common/pico_stdio_usb/stdio_usb.c.obj
 .text.tud_descriptor_device_cb
                0x0000000010004c20        0x8 CMakeFiles/blink.dir/home/wilbrink/pico/pico-sdk/src/rp2_common/pico_stdio_usb/stdio_usb_descriptors.c.obj
                0x0000000010004c20                tud_descriptor_device_cb
 .text.tud_descriptor_configuration_cb
                0x0000000010004c28        0x8 CMakeFiles/blink.dir/home/wilbrink/pico/pico-sdk/src/rp2_common/pico_stdio_usb/stdio_usb_descriptors.c.obj
                0x0000000010004c28                tud_descriptor_configuration_cb
 .text.tud_descriptor_string_cb
                0x0000000010004c30       0x6c CMakeFiles/blink.dir/home/wilbrink/pico/pico-sdk/src/rp2_common/pico_stdio_usb/stdio_usb_descriptors.c.obj
                0x0000000010004c30                tud_descriptor_string_cb
 .text._retrieve_unique_id_on_boot
                0x0000000010004c9c       0x10 CMakeFiles/blink.dir/home/wilbrink/pico/pico-sdk/src/rp2_common/pico_unique_id/unique_id.c.obj
 .text.pico_get_unique_board_id_string
                0x0000000010004cac       0x60 CMakeFiles/blink.dir/home/wilbrink/pico/pico-sdk/src/rp2_common/pico_unique_id/unique_id.c.obj
                0x0000000010004cac                pico_get_unique_board_id_string
 .text.flash_get_unique_id
                0x0000000010004d0c       0x46 CMakeFiles/blink.dir/home/wilbrink/pico/pico-sdk/src/rp2_common/hardware_flash/flash.c.obj
                0x0000000010004d0c                flash_get_unique_id
 *fill*         0x0000000010004d52        0x2 
 .text.hw_endpoint_get_by_addr
                0x0000000010004d54       0x18 CMakeFiles/blink.dir/home/wilbrink/pico/pico-sdk/lib/tinyusb/src/portable/raspberrypi/rp2040/dcd_rp2040.c.obj
 .text._hw_endpoint_alloc
                0x0000000010004d6c       0x70 CMakeFiles/blink.dir/home/wilbrink/pico/pico-sdk/lib/tinyusb/src/portable/raspberrypi/rp2040/dcd_rp2040.c.obj
 .text.hw_endpoint_init
                0x0000000010004ddc       0x88 CMakeFiles/blink.dir/home/wilbrink/pico/pico-sdk/lib/tinyusb/src/portable/raspberrypi/rp2040/dcd_rp2040.c.obj
 .text.hw_endpoint_xfer
                0x0000000010004e64       0x14 CMakeFiles/blink.dir/home/wilbrink/pico/pico-sdk/lib/tinyusb/src/portable/raspberrypi/rp2040/dcd_rp2040.c.obj
 .text.dcd_int_enable
                0x0000000010004e78       0x2c CMakeFiles/blink.dir/home/wilbrink/pico/pico-sdk/lib/tinyusb/src/portable/raspberrypi/rp2040/dcd_rp2040.c.obj
                0x0000000010004e78                dcd_int_enable
 .text.dcd_set_address
                0x0000000010004ea4       0x2c CMakeFiles/blink.dir/home/wilbrink/pico/pico-sdk/lib/tinyusb/src/portable/raspberrypi/rp2040/dcd_rp2040.c.obj
                0x0000000010004ea4                dcd_set_address
 .text.dcd_connect
                0x0000000010004ed0       0x10 CMakeFiles/blink.dir/home/wilbrink/pico/pico-sdk/lib/tinyusb/src/portable/raspberrypi/rp2040/dcd_rp2040.c.obj
                0x0000000010004ed0                dcd_connect
 .text.dcd_init
                0x0000000010004ee0       0x80 CMakeFiles/blink.dir/home/wilbrink/pico/pico-sdk/lib/tinyusb/src/portable/raspberrypi/rp2040/dcd_rp2040.c.obj
                0x0000000010004ee0                dcd_init
 .text.dcd_edpt0_status_complete
                0x0000000010004f60       0x1c CMakeFiles/blink.dir/home/wilbrink/pico/pico-sdk/lib/tinyusb/src/portable/raspberrypi/rp2040/dcd_rp2040.c.obj
                0x0000000010004f60                dcd_edpt0_status_complete
 .text.dcd_edpt_open
                0x0000000010004f7c       0x40 CMakeFiles/blink.dir/home/wilbrink/pico/pico-sdk/lib/tinyusb/src/portable/raspberrypi/rp2040/dcd_rp2040.c.obj
                0x0000000010004f7c                dcd_edpt_open
 .text.dcd_edpt_close_all
                0x0000000010004fbc        0x8 CMakeFiles/blink.dir/home/wilbrink/pico/pico-sdk/lib/tinyusb/src/portable/raspberrypi/rp2040/dcd_rp2040.c.obj
                0x0000000010004fbc                dcd_edpt_close_all
 .text.dcd_edpt_xfer
                0x0000000010004fc4       0x34 CMakeFiles/blink.dir/home/wilbrink/pico/pico-sdk/lib/tinyusb/src/portable/raspberrypi/rp2040/dcd_rp2040.c.obj
                0x0000000010004fc4                dcd_edpt_xfer
 .text.dcd_edpt_stall
                0x0000000010004ff8       0x2c CMakeFiles/blink.dir/home/wilbrink/pico/pico-sdk/lib/tinyusb/src/portable/raspberrypi/rp2040/dcd_rp2040.c.obj
                0x0000000010004ff8                dcd_edpt_stall
 .text.dcd_edpt_clear_stall
                0x0000000010005024       0x20 CMakeFiles/blink.dir/home/wilbrink/pico/pico-sdk/lib/tinyusb/src/portable/raspberrypi/rp2040/dcd_rp2040.c.obj
                0x0000000010005024                dcd_edpt_clear_stall
 .text.rp2040_usb_init
                0x0000000010005044       0x4c CMakeFiles/blink.dir/home/wilbrink/pico/pico-sdk/lib/tinyusb/src/portable/raspberrypi/rp2040/rp2040_usb.c.obj
                0x0000000010005044                rp2040_usb_init
 .text.hw_endpoint_xfer_start
                0x0000000010005090       0x50 CMakeFiles/blink.dir/home/wilbrink/pico/pico-sdk/lib/tinyusb/src/portable/raspberrypi/rp2040/rp2040_usb.c.obj
                0x0000000010005090                hw_endpoint_xfer_start
 .text.configuration_reset
                0x00000000100050e0       0x84 CMakeFiles/blink.dir/home/wilbrink/pico/pico-sdk/lib/tinyusb/src/device/usbd.c.obj
 .text.usbd_reset
                0x0000000010005164        0xc CMakeFiles/blink.dir/home/wilbrink/pico/pico-sdk/lib/tinyusb/src/device/usbd.c.obj
 .text.invoke_class_control
                0x0000000010005170       0x1a CMakeFiles/blink.dir/home/wilbrink/pico/pico-sdk/lib/tinyusb/src/device/usbd.c.obj
 *fill*         0x000000001000518a        0x2 
 .text.process_set_config
                0x000000001000518c      0x178 CMakeFiles/blink.dir/home/wilbrink/pico/pico-sdk/lib/tinyusb/src/device/usbd.c.obj
 .text.process_get_descriptor
                0x0000000010005304       0xdc CMakeFiles/blink.dir/home/wilbrink/pico/pico-sdk/lib/tinyusb/src/device/usbd.c.obj
 .text.tud_mounted
                0x00000000100053e0       0x10 CMakeFiles/blink.dir/home/wilbrink/pico/pico-sdk/lib/tinyusb/src/device/usbd.c.obj
                0x00000000100053e0                tud_mounted
 .text.tud_suspended
                0x00000000100053f0       0x10 CMakeFiles/blink.dir/home/wilbrink/pico/pico-sdk/lib/tinyusb/src/device/usbd.c.obj
                0x00000000100053f0                tud_suspended
 .text.tud_inited
                0x0000000010005400       0x14 CMakeFiles/blink.dir/home/wilbrink/pico/pico-sdk/lib/tinyusb/src/device/usbd.c.obj
                0x0000000010005400                tud_inited
 .text.tud_init
                0x0000000010005414       0xcc CMakeFiles/blink.dir/home/wilbrink/pico/pico-sdk/lib/tinyusb/src/device/usbd.c.obj
                0x0000000010005414                tud_init
 .text.usbd_defer_func
                0x00000000100054e0       0x2a CMakeFiles/blink.dir/home/wilbrink/pico/pico-sdk/lib/tinyusb/src/device/usbd.c.obj
                0x00000000100054e0                usbd_defer_func
 *fill*         0x000000001000550a        0x2 
 .text.usbd_edpt_open
                0x000000001000550c       0x34 CMakeFiles/blink.dir/home/wilbrink/pico/pico-sdk/lib/tinyusb/src/device/usbd.c.obj
                0x000000001000550c                usbd_edpt_open
 .text.usbd_open_edpt_pair
                0x0000000010005540       0x62 CMakeFiles/blink.dir/home/wilbrink/pico/pico-sdk/lib/tinyusb/src/device/usbd.c.obj
                0x0000000010005540                usbd_open_edpt_pair
 *fill*         0x00000000100055a2        0x2 
 .text.usbd_edpt_claim
                0x00000000100055a4       0x28 CMakeFiles/blink.dir/home/wilbrink/pico/pico-sdk/lib/tinyusb/src/device/usbd.c.obj
                0x00000000100055a4                usbd_edpt_claim
 .text.usbd_edpt_release
                0x00000000100055cc       0x28 CMakeFiles/blink.dir/home/wilbrink/pico/pico-sdk/lib/tinyusb/src/device/usbd.c.obj
                0x00000000100055cc                usbd_edpt_release
 .text.usbd_edpt_xfer
                0x00000000100055f4       0x78 CMakeFiles/blink.dir/home/wilbrink/pico/pico-sdk/lib/tinyusb/src/device/usbd.c.obj
                0x00000000100055f4                usbd_edpt_xfer
 .text.usbd_edpt_stall
                0x000000001000566c       0x48 CMakeFiles/blink.dir/home/wilbrink/pico/pico-sdk/lib/tinyusb/src/device/usbd.c.obj
                0x000000001000566c                usbd_edpt_stall
 .text.usbd_edpt_clear_stall
                0x00000000100056b4       0x48 CMakeFiles/blink.dir/home/wilbrink/pico/pico-sdk/lib/tinyusb/src/device/usbd.c.obj
                0x00000000100056b4                usbd_edpt_clear_stall
 .text.usbd_edpt_stalled
                0x00000000100056fc       0x1c CMakeFiles/blink.dir/home/wilbrink/pico/pico-sdk/lib/tinyusb/src/device/usbd.c.obj
                0x00000000100056fc                usbd_edpt_stalled
 .text.process_control_request
                0x0000000010005718      0x37c CMakeFiles/blink.dir/home/wilbrink/pico/pico-sdk/lib/tinyusb/src/device/usbd.c.obj
 .text.tud_task_ext
                0x0000000010005a94      0x1b8 CMakeFiles/blink.dir/home/wilbrink/pico/pico-sdk/lib/tinyusb/src/device/usbd.c.obj
                0x0000000010005a94                tud_task_ext
 .text._data_stage_xact
                0x0000000010005c4c       0x58 CMakeFiles/blink.dir/home/wilbrink/pico/pico-sdk/lib/tinyusb/src/device/usbd_control.c.obj
 .text.tud_control_status
                0x0000000010005ca4       0x38 CMakeFiles/blink.dir/home/wilbrink/pico/pico-sdk/lib/tinyusb/src/device/usbd_control.c.obj
                0x0000000010005ca4                tud_control_status
 .text.tud_control_xfer
                0x0000000010005cdc       0x74 CMakeFiles/blink.dir/home/wilbrink/pico/pico-sdk/lib/tinyusb/src/device/usbd_control.c.obj
                0x0000000010005cdc                tud_control_xfer
 .text.usbd_control_reset
                0x0000000010005d50       0x14 CMakeFiles/blink.dir/home/wilbrink/pico/pico-sdk/lib/tinyusb/src/device/usbd_control.c.obj
                0x0000000010005d50                usbd_control_reset
 .text.usbd_control_set_complete_callback
                0x0000000010005d64        0xc CMakeFiles/blink.dir/home/wilbrink/pico/pico-sdk/lib/tinyusb/src/device/usbd_control.c.obj
                0x0000000010005d64                usbd_control_set_complete_callback
 .text.usbd_control_set_request
                0x0000000010005d70       0x1c CMakeFiles/blink.dir/home/wilbrink/pico/pico-sdk/lib/tinyusb/src/device/usbd_control.c.obj
                0x0000000010005d70                usbd_control_set_request
 .text.usbd_control_xfer_cb
                0x0000000010005d8c       0xcc CMakeFiles/blink.dir/home/wilbrink/pico/pico-sdk/lib/tinyusb/src/device/usbd_control.c.obj
                0x0000000010005d8c                usbd_control_xfer_cb
 .text._prep_out_transaction
                0x0000000010005e58       0x4a CMakeFiles/blink.dir/home/wilbrink/pico/pico-sdk/lib/tinyusb/src/class/cdc/cdc_device.c.obj
 *fill*         0x0000000010005ea2        0x2 
 .text.tud_cdc_n_connected
                0x0000000010005ea4       0x44 CMakeFiles/blink.dir/home/wilbrink/pico/pico-sdk/lib/tinyusb/src/class/cdc/cdc_device.c.obj
                0x0000000010005ea4                tud_cdc_n_connected
 .text.tud_cdc_n_available
                0x0000000010005ee8       0x18 CMakeFiles/blink.dir/home/wilbrink/pico/pico-sdk/lib/tinyusb/src/class/cdc/cdc_device.c.obj
                0x0000000010005ee8                tud_cdc_n_available
 .text.tud_cdc_n_read
                0x0000000010005f00       0x28 CMakeFiles/blink.dir/home/wilbrink/pico/pico-sdk/lib/tinyusb/src/class/cdc/cdc_device.c.obj
                0x0000000010005f00                tud_cdc_n_read
 .text.tud_cdc_n_write_flush
                0x0000000010005f28       0xb8 CMakeFiles/blink.dir/home/wilbrink/pico/pico-sdk/lib/tinyusb/src/class/cdc/cdc_device.c.obj
                0x0000000010005f28                tud_cdc_n_write_flush
 .text.tud_cdc_n_write
                0x0000000010005fe0       0x38 CMakeFiles/blink.dir/home/wilbrink/pico/pico-sdk/lib/tinyusb/src/class/cdc/cdc_device.c.obj
                0x0000000010005fe0                tud_cdc_n_write
 .text.tud_cdc_n_write_available
                0x0000000010006018       0x1c CMakeFiles/blink.dir/home/wilbrink/pico/pico-sdk/lib/tinyusb/src/class/cdc/cdc_device.c.obj
                0x0000000010006018                tud_cdc_n_write_available
 .text.cdcd_init
                0x0000000010006034       0xbc CMakeFiles/blink.dir/home/wilbrink/pico/pico-sdk/lib/tinyusb/src/class/cdc/cdc_device.c.obj
                0x0000000010006034                cdcd_init
 .text.cdcd_reset
                0x00000000100060f0       0x44 CMakeFiles/blink.dir/home/wilbrink/pico/pico-sdk/lib/tinyusb/src/class/cdc/cdc_device.c.obj
                0x00000000100060f0                cdcd_reset
 .text.cdcd_open
                0x0000000010006134       0xcc CMakeFiles/blink.dir/home/wilbrink/pico/pico-sdk/lib/tinyusb/src/class/cdc/cdc_device.c.obj
                0x0000000010006134                cdcd_open
 .text.cdcd_control_xfer_cb
                0x0000000010006200      0x134 CMakeFiles/blink.dir/home/wilbrink/pico/pico-sdk/lib/tinyusb/src/class/cdc/cdc_device.c.obj
                0x0000000010006200                cdcd_control_xfer_cb
 .text.cdcd_xfer_cb
                0x0000000010006334      0x130 CMakeFiles/blink.dir/home/wilbrink/pico/pico-sdk/lib/tinyusb/src/class/cdc/cdc_device.c.obj
                0x0000000010006334                cdcd_xfer_cb
 .text.tusb_init
                0x0000000010006464        0xa CMakeFiles/blink.dir/home/wilbrink/pico/pico-sdk/lib/tinyusb/src/tusb.c.obj
                0x0000000010006464                tusb_init
 .text.tusb_inited
                0x000000001000646e        0xe CMakeFiles/blink.dir/home/wilbrink/pico/pico-sdk/lib/tinyusb/src/tusb.c.obj
                0x000000001000646e                tusb_inited
 .text.tu_edpt_claim
                0x000000001000647c       0x50 CMakeFiles/blink.dir/home/wilbrink/pico/pico-sdk/lib/tinyusb/src/tusb.c.obj
                0x000000001000647c                tu_edpt_claim
 .text.tu_edpt_release
                0x00000000100064cc       0x3c CMakeFiles/blink.dir/home/wilbrink/pico/pico-sdk/lib/tinyusb/src/tusb.c.obj
                0x00000000100064cc                tu_edpt_release
 .text.tu_edpt_validate
                0x0000000010006508       0x78 CMakeFiles/blink.dir/home/wilbrink/pico/pico-sdk/lib/tinyusb/src/tusb.c.obj
                0x0000000010006508                tu_edpt_validate
 .text.tu_edpt_bind_driver
                0x0000000010006580       0x26 CMakeFiles/blink.dir/home/wilbrink/pico/pico-sdk/lib/tinyusb/src/tusb.c.obj
                0x0000000010006580                tu_edpt_bind_driver
 .text.advance_index
                0x00000000100065a6       0x1a CMakeFiles/blink.dir/home/wilbrink/pico/pico-sdk/lib/tinyusb/src/common/tusb_fifo.c.obj
 .text._tu_fifo_peek
                0x00000000100065c0       0x56 CMakeFiles/blink.dir/home/wilbrink/pico/pico-sdk/lib/tinyusb/src/common/tusb_fifo.c.obj
 .text._ff_pull_const_addr
                0x0000000010006616       0x4c CMakeFiles/blink.dir/home/wilbrink/pico/pico-sdk/lib/tinyusb/src/common/tusb_fifo.c.obj
 .text._ff_pull_n
                0x0000000010006662      0x110 CMakeFiles/blink.dir/home/wilbrink/pico/pico-sdk/lib/tinyusb/src/common/tusb_fifo.c.obj
 .text._tu_fifo_peek_n
                0x0000000010006772       0x6a CMakeFiles/blink.dir/home/wilbrink/pico/pico-sdk/lib/tinyusb/src/common/tusb_fifo.c.obj
 .text._tu_fifo_read_n
                0x00000000100067dc       0x4e CMakeFiles/blink.dir/home/wilbrink/pico/pico-sdk/lib/tinyusb/src/common/tusb_fifo.c.obj
 .text._ff_push_const_addr
                0x000000001000682a       0x40 CMakeFiles/blink.dir/home/wilbrink/pico/pico-sdk/lib/tinyusb/src/common/tusb_fifo.c.obj
 .text._ff_push_n
                0x000000001000686a      0x10c CMakeFiles/blink.dir/home/wilbrink/pico/pico-sdk/lib/tinyusb/src/common/tusb_fifo.c.obj
 .text._tu_fifo_write_n
                0x0000000010006976       0xf0 CMakeFiles/blink.dir/home/wilbrink/pico/pico-sdk/lib/tinyusb/src/common/tusb_fifo.c.obj
 .text.tu_fifo_config
                0x0000000010006a66       0x7c CMakeFiles/blink.dir/home/wilbrink/pico/pico-sdk/lib/tinyusb/src/common/tusb_fifo.c.obj
                0x0000000010006a66                tu_fifo_config
 .text.tu_fifo_count
                0x0000000010006ae2       0x2a CMakeFiles/blink.dir/home/wilbrink/pico/pico-sdk/lib/tinyusb/src/common/tusb_fifo.c.obj
                0x0000000010006ae2                tu_fifo_count
 .text.tu_fifo_empty
                0x0000000010006b0c       0x10 CMakeFiles/blink.dir/home/wilbrink/pico/pico-sdk/lib/tinyusb/src/common/tusb_fifo.c.obj
                0x0000000010006b0c                tu_fifo_empty
 .text.tu_fifo_full
                0x0000000010006b1c       0x28 CMakeFiles/blink.dir/home/wilbrink/pico/pico-sdk/lib/tinyusb/src/common/tusb_fifo.c.obj
                0x0000000010006b1c                tu_fifo_full
 .text.tu_fifo_remaining
                0x0000000010006b44       0x2c CMakeFiles/blink.dir/home/wilbrink/pico/pico-sdk/lib/tinyusb/src/common/tusb_fifo.c.obj
                0x0000000010006b44                tu_fifo_remaining
 .text.tu_fifo_read
                0x0000000010006b70       0x42 CMakeFiles/blink.dir/home/wilbrink/pico/pico-sdk/lib/tinyusb/src/common/tusb_fifo.c.obj
                0x0000000010006b70                tu_fifo_read
 .text.tu_fifo_read_n
                0x0000000010006bb2        0xa CMakeFiles/blink.dir/home/wilbrink/pico/pico-sdk/lib/tinyusb/src/common/tusb_fifo.c.obj
                0x0000000010006bb2                tu_fifo_read_n
 .text.tu_fifo_write
                0x0000000010006bbc       0x64 CMakeFiles/blink.dir/home/wilbrink/pico/pico-sdk/lib/tinyusb/src/common/tusb_fifo.c.obj
                0x0000000010006bbc                tu_fifo_write
 .text.tu_fifo_write_n
                0x0000000010006c20        0xa CMakeFiles/blink.dir/home/wilbrink/pico/pico-sdk/lib/tinyusb/src/common/tusb_fifo.c.obj
                0x0000000010006c20                tu_fifo_write_n
 .text.tu_fifo_clear
                0x0000000010006c2a       0x3e CMakeFiles/blink.dir/home/wilbrink/pico/pico-sdk/lib/tinyusb/src/common/tusb_fifo.c.obj
                0x0000000010006c2a                tu_fifo_clear
 .text.tu_fifo_set_overwritable
                0x0000000010006c68       0x46 CMakeFiles/blink.dir/home/wilbrink/pico/pico-sdk/lib/tinyusb/src/common/tusb_fifo.c.obj
                0x0000000010006c68                tu_fifo_set_overwritable
 *fill*         0x0000000010006cae        0x2 
 .text          0x0000000010006cb0       0x5c /usr/lib/gcc/arm-none-eabi/10.3.1/../../../arm-none-eabi/lib/thumb/v6-m/nofp/libg.a(lib_a-strlen-stub.o)
                0x0000000010006cb0                strlen
 *(.fini)
 .fini          0x0000000010006d0c        0x4 /usr/lib/gcc/arm-none-eabi/10.3.1/thumb/v6-m/nofp/crti.o
                0x0000000010006d0c                _fini
 .fini.__stub   0x0000000010006d10       0xe0 linker stubs
 *crtbegin.o(.ctors)
 *crtbegin?.o(.ctors)
 *(EXCLUDE_FILE(*crtend.o *crtend?.o) .ctors)
 *(SORT_BY_NAME(.ctors.*))
 *(.ctors)
 *crtbegin.o(.dtors)
 *crtbegin?.o(.dtors)
 *(EXCLUDE_FILE(*crtend.o *crtend?.o) .dtors)
 *(SORT_BY_NAME(.dtors.*))
 *(.dtors)
 *(.eh_frame*)
 .eh_frame      0x0000000010006df0        0x0 /usr/lib/gcc/arm-none-eabi/10.3.1/thumb/v6-m/nofp/crtbegin.o
                0x0000000010006df0                . = ALIGN (0x4)

.glue_7         0x0000000010006df0        0x0
 .glue_7        0x0000000010006df0        0x0 linker stubs

.glue_7t        0x0000000010006df0        0x0
 .glue_7t       0x0000000010006df0        0x0 linker stubs

.vfp11_veneer   0x0000000010006df0        0x0
 .vfp11_veneer  0x0000000010006df0        0x0 linker stubs

.v4_bx          0x0000000010006df0        0x0
 .v4_bx         0x0000000010006df0        0x0 linker stubs

.iplt           0x0000000010006df0        0x0
 .iplt          0x0000000010006df0        0x0 /usr/lib/gcc/arm-none-eabi/10.3.1/thumb/v6-m/nofp/crtbegin.o

.rodata         0x0000000010006df0     0x157c
 *(EXCLUDE_FILE(*libm.a: *libc.a:*lib_a-mem*.o *libgcc.a:) .rodata*)
 .rodata.main.str1.4
                0x0000000010006df0        0xb CMakeFiles/blink.dir/main.c.obj
 *fill*         0x0000000010006dfb        0x1 
 .rodata.spin_lock_claim_unused.str1.4
                0x0000000010006dfc       0x1b CMakeFiles/blink.dir/home/wilbrink/pico/pico-sdk/src/rp2_common/hardware_sync/sync.c.obj
 *fill*         0x0000000010006e17        0x1 
 .rodata.make_branch.str1.4
                0x0000000010006e18       0x6f CMakeFiles/blink.dir/home/wilbrink/pico/pico-sdk/src/rp2_common/hardware_irq/irq.c.obj
 *fill*         0x0000000010006e87        0x1 
 .rodata.insert_branch_and_link.str1.4
                0x0000000010006e88       0x10 CMakeFiles/blink.dir/home/wilbrink/pico/pico-sdk/src/rp2_common/hardware_irq/irq.c.obj
 .rodata.irq_set_exclusive_handler.str1.4
                0x0000000010006e98       0x36 CMakeFiles/blink.dir/home/wilbrink/pico/pico-sdk/src/rp2_common/hardware_irq/irq.c.obj
 *fill*         0x0000000010006ece        0x2 
 .rodata.irq_add_shared_handler.str1.4
                0x0000000010006ed0       0xd9 CMakeFiles/blink.dir/home/wilbrink/pico/pico-sdk/src/rp2_common/hardware_irq/irq.c.obj
 *fill*         0x0000000010006fa9        0x3 
 .rodata.irq_remove_handler.str1.4
                0x0000000010006fac       0x3a CMakeFiles/blink.dir/home/wilbrink/pico/pico-sdk/src/rp2_common/hardware_irq/irq.c.obj
 *fill*         0x0000000010006fe6        0x2 
 .rodata.irq_add_tail_to_free_list.str1.4
                0x0000000010006fe8       0x3a CMakeFiles/blink.dir/home/wilbrink/pico/pico-sdk/src/rp2_common/hardware_irq/irq.c.obj
 *fill*         0x0000000010007022        0x2 
 .rodata.user_irq_claim_unused.str1.4
                0x0000000010007024       0x1b CMakeFiles/blink.dir/home/wilbrink/pico/pico-sdk/src/rp2_common/hardware_irq/irq.c.obj
 *fill*         0x000000001000703f        0x1 
 .rodata.__func__.0
                0x0000000010007040       0x1a CMakeFiles/blink.dir/home/wilbrink/pico/pico-sdk/src/rp2_common/hardware_irq/irq.c.obj
 *fill*         0x000000001000705a        0x2 
 .rodata.__func__.1
                0x000000001000705c       0x17 CMakeFiles/blink.dir/home/wilbrink/pico/pico-sdk/src/rp2_common/hardware_irq/irq.c.obj
 *fill*         0x0000000010007073        0x1 
 .rodata.__func__.2
                0x0000000010007074       0x13 CMakeFiles/blink.dir/home/wilbrink/pico/pico-sdk/src/rp2_common/hardware_irq/irq.c.obj
 *fill*         0x0000000010007087        0x1 
 .rodata.__func__.3
                0x0000000010007088        0xc CMakeFiles/blink.dir/home/wilbrink/pico/pico-sdk/src/rp2_common/hardware_irq/irq.c.obj
 .rodata.__func__.4
                0x0000000010007094        0xf CMakeFiles/blink.dir/home/wilbrink/pico/pico-sdk/src/rp2_common/hardware_irq/irq.c.obj
 *fill*         0x00000000100070a3        0x1 
 .rodata.__func__.5
                0x00000000100070a4       0x17 CMakeFiles/blink.dir/home/wilbrink/pico/pico-sdk/src/rp2_common/hardware_irq/irq.c.obj
 *fill*         0x00000000100070bb        0x1 
 .rodata.__func__.6
                0x00000000100070bc       0x1a CMakeFiles/blink.dir/home/wilbrink/pico/pico-sdk/src/rp2_common/hardware_irq/irq.c.obj
 *fill*         0x00000000100070d6        0x2 
 .rodata.str1.4
                0x00000000100070d8       0xf1 CMakeFiles/blink.dir/home/wilbrink/pico/pico-sdk/src/common/pico_sync/mutex.c.obj
 *fill*         0x00000000100071c9        0x3 
 .rodata.__func__.1
                0x00000000100071cc        0xb CMakeFiles/blink.dir/home/wilbrink/pico/pico-sdk/src/common/pico_sync/mutex.c.obj
 *fill*         0x00000000100071d7        0x1 
 .rodata.__func__.3
                0x00000000100071d8       0x18 CMakeFiles/blink.dir/home/wilbrink/pico/pico-sdk/src/common/pico_sync/mutex.c.obj
 .rodata.__func__.4
                0x00000000100071f0       0x15 CMakeFiles/blink.dir/home/wilbrink/pico/pico-sdk/src/common/pico_sync/mutex.c.obj
 *fill*         0x0000000010007205        0x3 
 .rodata.repeating_timer_callback.str1.4
                0x0000000010007208       0x4d CMakeFiles/blink.dir/home/wilbrink/pico/pico-sdk/src/common/pico_time/time.c.obj
 *fill*         0x0000000010007255        0x3 
 .rodata.timer_pool_entry_comparator.str1.4
                0x0000000010007258       0x22 CMakeFiles/blink.dir/home/wilbrink/pico/pico-sdk/src/common/pico_time/time.c.obj
 *fill*         0x000000001000727a        0x2 
 .rodata.ph_add_child_node.str1.4
                0x000000001000727c       0x96 CMakeFiles/blink.dir/home/wilbrink/pico/pico-sdk/src/common/pico_time/time.c.obj
 *fill*         0x0000000010007312        0x2 
 .rodata.add_alarm_under_lock.str1.4
                0x0000000010007314       0x28 CMakeFiles/blink.dir/home/wilbrink/pico/pico-sdk/src/common/pico_time/time.c.obj
                                         0x2b (size before relaxing)
 .rodata.alarm_pool_alarm_callback.str1.4
                0x000000001000733c       0x98 CMakeFiles/blink.dir/home/wilbrink/pico/pico-sdk/src/common/pico_time/time.c.obj
                                         0xfc (size before relaxing)
 .rodata.alarm_pool_get_default.str1.4
                0x00000000100073d4       0x21 CMakeFiles/blink.dir/home/wilbrink/pico/pico-sdk/src/common/pico_time/time.c.obj
 *fill*         0x00000000100073f5        0x3 
 .rodata.alarm_pool_cancel_alarm.str1.4
                0x00000000100073f8       0x27 CMakeFiles/blink.dir/home/wilbrink/pico/pico-sdk/src/common/pico_time/time.c.obj
 *fill*         0x000000001000741f        0x1 
 .rodata.sleep_until.str1.4
                0x0000000010007420       0x4d CMakeFiles/blink.dir/home/wilbrink/pico/pico-sdk/src/common/pico_time/time.c.obj
 *fill*         0x000000001000746d        0x3 
 .rodata.__func__.1
                0x0000000010007470       0x18 CMakeFiles/blink.dir/home/wilbrink/pico/pico-sdk/src/common/pico_time/time.c.obj
 .rodata.__func__.10
                0x0000000010007488       0x15 CMakeFiles/blink.dir/home/wilbrink/pico/pico-sdk/src/common/pico_time/time.c.obj
 *fill*         0x000000001000749d        0x3 
 .rodata.__func__.11
                0x00000000100074a0       0x1a CMakeFiles/blink.dir/home/wilbrink/pico/pico-sdk/src/common/pico_time/time.c.obj
 *fill*         0x00000000100074ba        0x2 
 .rodata.__func__.12
                0x00000000100074bc        0xa CMakeFiles/blink.dir/home/wilbrink/pico/pico-sdk/src/common/pico_time/time.c.obj
 *fill*         0x00000000100074c6        0x2 
 .rodata.__func__.3
                0x00000000100074c8       0x17 CMakeFiles/blink.dir/home/wilbrink/pico/pico-sdk/src/common/pico_time/time.c.obj
 *fill*         0x00000000100074df        0x1 
 .rodata.__func__.4
                0x00000000100074e0       0x12 CMakeFiles/blink.dir/home/wilbrink/pico/pico-sdk/src/common/pico_time/time.c.obj
 *fill*         0x00000000100074f2        0x2 
 .rodata.__func__.5
                0x00000000100074f4        0xd CMakeFiles/blink.dir/home/wilbrink/pico/pico-sdk/src/common/pico_time/time.c.obj
 *fill*         0x0000000010007501        0x3 
 .rodata.__func__.6
                0x0000000010007504       0x12 CMakeFiles/blink.dir/home/wilbrink/pico/pico-sdk/src/common/pico_time/time.c.obj
 *fill*         0x0000000010007516        0x2 
 .rodata.__func__.7
                0x0000000010007518        0xf CMakeFiles/blink.dir/home/wilbrink/pico/pico-sdk/src/common/pico_time/time.c.obj
 *fill*         0x0000000010007527        0x1 
 .rodata.__func__.8
                0x0000000010007528        0xc CMakeFiles/blink.dir/home/wilbrink/pico/pico-sdk/src/common/pico_time/time.c.obj
 .rodata.__func__.9
                0x0000000010007534       0x15 CMakeFiles/blink.dir/home/wilbrink/pico/pico-sdk/src/common/pico_time/time.c.obj
 *fill*         0x0000000010007549        0x3 
 .rodata.hardware_alarm_claim.str1.4
                0x000000001000754c       0x22 CMakeFiles/blink.dir/home/wilbrink/pico/pico-sdk/src/rp2_common/hardware_timer/timer.c.obj
 *fill*         0x000000001000756e        0x2 
 .rodata.hardware_alarm_set_target.str1.4
                0x0000000010007570       0x67 CMakeFiles/blink.dir/home/wilbrink/pico/pico-sdk/src/rp2_common/hardware_timer/timer.c.obj
 *fill*         0x00000000100075d7        0x1 
 .rodata.__func__.0
                0x00000000100075d8       0x1a CMakeFiles/blink.dir/home/wilbrink/pico/pico-sdk/src/rp2_common/hardware_timer/timer.c.obj
 .rodata.ph_add_child_node.str1.4
                0x00000000100075f2       0x96 CMakeFiles/blink.dir/home/wilbrink/pico/pico-sdk/src/common/pico_util/pheap.c.obj
 *fill*         0x00000000100075f2        0x2 
 .rodata.ph_remove_any_head.str1.4
                0x00000000100075f4       0x90 CMakeFiles/blink.dir/home/wilbrink/pico/pico-sdk/src/common/pico_util/pheap.c.obj
                                         0xa4 (size before relaxing)
 .rodata.ph_remove_and_free_node.str1.4
                0x0000000010007684       0x1e CMakeFiles/blink.dir/home/wilbrink/pico/pico-sdk/src/common/pico_util/pheap.c.obj
                                         0x26 (size before relaxing)
 *fill*         0x00000000100076a2        0x2 
 .rodata.__func__.0
                0x00000000100076a4       0x18 CMakeFiles/blink.dir/home/wilbrink/pico/pico-sdk/src/common/pico_util/pheap.c.obj
 .rodata.__func__.1
                0x00000000100076bc       0x13 CMakeFiles/blink.dir/home/wilbrink/pico/pico-sdk/src/common/pico_util/pheap.c.obj
 *fill*         0x00000000100076cf        0x1 
 .rodata.__func__.2
                0x00000000100076d0       0x12 CMakeFiles/blink.dir/home/wilbrink/pico/pico-sdk/src/common/pico_util/pheap.c.obj
 *fill*         0x00000000100076e2        0x2 
 .rodata.__func__.3
                0x00000000100076e4        0xc CMakeFiles/blink.dir/home/wilbrink/pico/pico-sdk/src/common/pico_util/pheap.c.obj
 .rodata.clock_configure.str1.4
                0x00000000100076f0       0x59 CMakeFiles/blink.dir/home/wilbrink/pico/pico-sdk/src/rp2_common/hardware_clocks/clocks.c.obj
 *fill*         0x0000000010007749        0x3 
 .rodata.__func__.1
                0x000000001000774c       0x10 CMakeFiles/blink.dir/home/wilbrink/pico/pico-sdk/src/rp2_common/hardware_clocks/clocks.c.obj
 .rodata.pll_init.str1.4
                0x000000001000775c      0x124 CMakeFiles/blink.dir/home/wilbrink/pico/pico-sdk/src/rp2_common/hardware_pll/pll.c.obj
 .rodata.__func__.0
                0x0000000010007880        0x9 CMakeFiles/blink.dir/home/wilbrink/pico/pico-sdk/src/rp2_common/hardware_pll/pll.c.obj
 *fill*         0x0000000010007889        0x3 
 .rodata.__assert_func.str1.4
                0x000000001000788c       0x3f CMakeFiles/blink.dir/home/wilbrink/pico/pico-sdk/src/rp2_common/pico_runtime/runtime.c.obj
                                         0x43 (size before relaxing)
 *fill*         0x00000000100078cb        0x1 
 .rodata.runtime_init.str1.4
                0x00000000100078cc       0x63 CMakeFiles/blink.dir/home/wilbrink/pico/pico-sdk/src/rp2_common/pico_runtime/runtime.c.obj
 *fill*         0x000000001000792f        0x1 
 .rodata.panic.str1.4
                0x0000000010007930       0x12 CMakeFiles/blink.dir/home/wilbrink/pico/pico-sdk/src/rp2_common/pico_runtime/runtime.c.obj
 *fill*         0x0000000010007942        0x2 
 .rodata.__func__.2
                0x0000000010007944        0xd CMakeFiles/blink.dir/home/wilbrink/pico/pico-sdk/src/rp2_common/pico_runtime/runtime.c.obj
 *fill*         0x0000000010007951        0x3 
 .rodata._ftoa.str1.4
                0x0000000010007954       0x15 CMakeFiles/blink.dir/home/wilbrink/pico/pico-sdk/src/rp2_common/pico_printf/printf.c.obj
 *fill*         0x0000000010007969        0x3 
 .rodata._vsnprintf
                0x000000001000796c      0x1e0 CMakeFiles/blink.dir/home/wilbrink/pico/pico-sdk/src/rp2_common/pico_printf/printf.c.obj
 *fill*         0x0000000010007b4c        0x4 
 .rodata.pow10.0
                0x0000000010007b50       0x50 CMakeFiles/blink.dir/home/wilbrink/pico/pico-sdk/src/rp2_common/pico_printf/printf.c.obj
 .rodata.__aeabi_double_init.str1.4
                0x0000000010007ba0       0x9e CMakeFiles/blink.dir/home/wilbrink/pico/pico-sdk/src/rp2_common/pico_double/double_init_rom.c.obj
 *fill*         0x0000000010007c3e        0x2 
 .rodata.__func__.0
                0x0000000010007c40       0x14 CMakeFiles/blink.dir/home/wilbrink/pico/pico-sdk/src/rp2_common/pico_double/double_init_rom.c.obj
 .rodata.__aeabi_float_init.str1.4
                0x0000000010007c54       0x7c CMakeFiles/blink.dir/home/wilbrink/pico/pico-sdk/src/rp2_common/pico_float/float_init_rom.c.obj
                                         0x80 (size before relaxing)
 .rodata.__func__.0
                0x0000000010007cd0       0x13 CMakeFiles/blink.dir/home/wilbrink/pico/pico-sdk/src/rp2_common/pico_float/float_init_rom.c.obj
 *fill*         0x0000000010007ce3        0x1 
 .rodata.str1.4
                0x0000000010007ce4       0x3c CMakeFiles/blink.dir/home/wilbrink/pico/pico-sdk/src/rp2_common/pico_standard_link/binary_info.c.obj
 .rodata.__bi_44
                0x0000000010007d20        0xc CMakeFiles/blink.dir/home/wilbrink/pico/pico-sdk/src/rp2_common/pico_standard_link/binary_info.c.obj
 .rodata.__bi_75
                0x0000000010007d2c        0xc CMakeFiles/blink.dir/home/wilbrink/pico/pico-sdk/src/rp2_common/pico_standard_link/binary_info.c.obj
 .rodata.__bi_81
                0x0000000010007d38        0xc CMakeFiles/blink.dir/home/wilbrink/pico/pico-sdk/src/rp2_common/pico_standard_link/binary_info.c.obj
 .rodata.stdout_serialize_begin.str1.4
                0x0000000010007d44       0x63 CMakeFiles/blink.dir/home/wilbrink/pico/pico-sdk/src/rp2_common/pico_stdio/stdio.c.obj
 .rodata.__func__.3
                0x0000000010007d44       0x15 CMakeFiles/blink.dir/home/wilbrink/pico/pico-sdk/src/rp2_common/pico_stdio/stdio.c.obj
 *fill*         0x0000000010007d59        0x3 
 .rodata.crlf_str.2
                0x0000000010007d5c        0x2 CMakeFiles/blink.dir/home/wilbrink/pico/pico-sdk/src/rp2_common/pico_stdio/stdio.c.obj
 *fill*         0x0000000010007d5e        0x2 
 .rodata._resetd_driver
                0x0000000010007d60       0x18 CMakeFiles/blink.dir/home/wilbrink/pico/pico-sdk/src/rp2_common/pico_stdio_usb/reset_interface.c.obj
 .rodata.low_priority_worker_irq.str1.4
                0x0000000010007d78       0x63 CMakeFiles/blink.dir/home/wilbrink/pico/pico-sdk/src/rp2_common/pico_stdio_usb/stdio_usb.c.obj
 .rodata.stdio_usb_init.str1.4
                0x0000000010007d78       0x47 CMakeFiles/blink.dir/home/wilbrink/pico/pico-sdk/src/rp2_common/pico_stdio_usb/stdio_usb.c.obj
                                         0x4f (size before relaxing)
 *fill*         0x0000000010007dbf        0x1 
 .rodata.str1.4
                0x0000000010007dc0       0x13 CMakeFiles/blink.dir/home/wilbrink/pico/pico-sdk/src/rp2_common/pico_stdio_usb/stdio_usb.c.obj
 *fill*         0x0000000010007dd3        0x1 
 .rodata.__bi_182.0
                0x0000000010007dd4        0xc CMakeFiles/blink.dir/home/wilbrink/pico/pico-sdk/src/rp2_common/pico_stdio_usb/stdio_usb.c.obj
 .rodata.__func__.1
                0x0000000010007de0        0xf CMakeFiles/blink.dir/home/wilbrink/pico/pico-sdk/src/rp2_common/pico_stdio_usb/stdio_usb.c.obj
 *fill*         0x0000000010007def        0x1 
 .rodata.__func__.3
                0x0000000010007df0       0x15 CMakeFiles/blink.dir/home/wilbrink/pico/pico-sdk/src/rp2_common/pico_stdio_usb/stdio_usb.c.obj
 *fill*         0x0000000010007e05        0x3 
 .rodata.str1.4
                0x0000000010007e08       0x2a CMakeFiles/blink.dir/home/wilbrink/pico/pico-sdk/src/rp2_common/pico_stdio_usb/stdio_usb_descriptors.c.obj
 *fill*         0x0000000010007e32        0x2 
 .rodata.usbd_desc_cfg
                0x0000000010007e34       0x54 CMakeFiles/blink.dir/home/wilbrink/pico/pico-sdk/src/rp2_common/pico_stdio_usb/stdio_usb_descriptors.c.obj
 .rodata.usbd_desc_device
                0x0000000010007e88       0x12 CMakeFiles/blink.dir/home/wilbrink/pico/pico-sdk/src/rp2_common/pico_stdio_usb/stdio_usb_descriptors.c.obj
 *fill*         0x0000000010007e9a        0x2 
 .rodata.usbd_desc_str
                0x0000000010007e9c       0x18 CMakeFiles/blink.dir/home/wilbrink/pico/pico-sdk/src/rp2_common/pico_stdio_usb/stdio_usb_descriptors.c.obj
 .rodata.pico_get_unique_board_id_string.str1.4
                0x0000000010007eb4       0x4f CMakeFiles/blink.dir/home/wilbrink/pico/pico-sdk/src/rp2_common/pico_unique_id/unique_id.c.obj
 *fill*         0x0000000010007f03        0x1 
 .rodata.__func__.0
                0x0000000010007f04       0x20 CMakeFiles/blink.dir/home/wilbrink/pico/pico-sdk/src/rp2_common/pico_unique_id/unique_id.c.obj
 .rodata.str1.4
                0x0000000010007f24      0x15a CMakeFiles/blink.dir/home/wilbrink/pico/pico-sdk/src/rp2_common/hardware_flash/flash.c.obj
 *fill*         0x000000001000807e        0x2 
 .rodata.__func__.0
                0x0000000010008080        0xd CMakeFiles/blink.dir/home/wilbrink/pico/pico-sdk/src/rp2_common/hardware_flash/flash.c.obj
 *fill*         0x000000001000808d        0x3 
 .rodata._hw_endpoint_alloc.str1.4
                0x0000000010008090       0xb9 CMakeFiles/blink.dir/home/wilbrink/pico/pico-sdk/lib/tinyusb/src/portable/raspberrypi/rp2040/dcd_rp2040.c.obj
 *fill*         0x0000000010008149        0x3 
 .rodata.str1.4
                0x000000001000814c       0x14 CMakeFiles/blink.dir/home/wilbrink/pico/pico-sdk/lib/tinyusb/src/portable/raspberrypi/rp2040/dcd_rp2040.c.obj
 .rodata.dcd_int_enable.str1.4
                0x0000000010008160        0xc CMakeFiles/blink.dir/home/wilbrink/pico/pico-sdk/lib/tinyusb/src/portable/raspberrypi/rp2040/dcd_rp2040.c.obj
 .rodata.__func__.0
                0x000000001000816c        0xe CMakeFiles/blink.dir/home/wilbrink/pico/pico-sdk/lib/tinyusb/src/portable/raspberrypi/rp2040/dcd_rp2040.c.obj
 *fill*         0x000000001000817a        0x2 
 .rodata.__func__.1
                0x000000001000817c        0xe CMakeFiles/blink.dir/home/wilbrink/pico/pico-sdk/lib/tinyusb/src/portable/raspberrypi/rp2040/dcd_rp2040.c.obj
 *fill*         0x000000001000818a        0x2 
 .rodata.__func__.3
                0x000000001000818c       0x10 CMakeFiles/blink.dir/home/wilbrink/pico/pico-sdk/lib/tinyusb/src/portable/raspberrypi/rp2040/dcd_rp2040.c.obj
 .rodata.__func__.5
                0x000000001000819c        0xf CMakeFiles/blink.dir/home/wilbrink/pico/pico-sdk/lib/tinyusb/src/portable/raspberrypi/rp2040/dcd_rp2040.c.obj
 *fill*         0x00000000100081ab        0x1 
 .rodata.__func__.6
                0x00000000100081ac       0x13 CMakeFiles/blink.dir/home/wilbrink/pico/pico-sdk/lib/tinyusb/src/portable/raspberrypi/rp2040/dcd_rp2040.c.obj
 *fill*         0x00000000100081bf        0x1 
 .rodata.__func__.7
                0x00000000100081c0        0x9 CMakeFiles/blink.dir/home/wilbrink/pico/pico-sdk/lib/tinyusb/src/portable/raspberrypi/rp2040/dcd_rp2040.c.obj
 *fill*         0x00000000100081c9        0x3 
 .rodata.str1.4
                0x00000000100081cc       0xeb CMakeFiles/blink.dir/home/wilbrink/pico/pico-sdk/lib/tinyusb/src/portable/raspberrypi/rp2040/rp2040_usb.c.obj
 *fill*         0x00000000100082b7        0x1 
 .rodata.__func__.0
                0x00000000100082b8        0xf CMakeFiles/blink.dir/home/wilbrink/pico/pico-sdk/lib/tinyusb/src/portable/raspberrypi/rp2040/rp2040_usb.c.obj
 *fill*         0x00000000100082c7        0x1 
 .rodata.process_get_descriptor
                0x00000000100082c8       0x40 CMakeFiles/blink.dir/home/wilbrink/pico/pico-sdk/lib/tinyusb/src/device/usbd.c.obj
 .rodata.process_control_request
                0x0000000010008308       0x28 CMakeFiles/blink.dir/home/wilbrink/pico/pico-sdk/lib/tinyusb/src/device/usbd.c.obj
 .rodata.tud_task_ext
                0x0000000010008330       0x24 CMakeFiles/blink.dir/home/wilbrink/pico/pico-sdk/lib/tinyusb/src/device/usbd.c.obj
 .rodata._usbd_driver
                0x0000000010008354       0x18 CMakeFiles/blink.dir/home/wilbrink/pico/pico-sdk/lib/tinyusb/src/device/usbd.c.obj
                0x000000001000836c                . = ALIGN (0x4)
 *(SORT_BY_ALIGNMENT(SORT_BY_NAME(.flashdata*)))
                0x000000001000836c                . = ALIGN (0x4)

.ARM.extab
 *(.ARM.extab* .gnu.linkonce.armextab.*)
                0x000000001000836c                __exidx_start = .

.ARM.exidx
 *(.ARM.exidx* .gnu.linkonce.armexidx.*)
                0x000000001000836c                __exidx_end = .
                0x000000001000836c                . = ALIGN (0x4)
                0x000000001000836c                __binary_info_start = .

.binary_info    0x000000001000836c       0x20
 *(.binary_info.keep.*)
 .binary_info.keep.__bi_ptr22
                0x000000001000836c        0x4 CMakeFiles/blink.dir/home/wilbrink/pico/pico-sdk/src/rp2_common/pico_standard_link/binary_info.c.obj
 .binary_info.keep.__bi_ptr30
                0x0000000010008370        0x4 CMakeFiles/blink.dir/home/wilbrink/pico/pico-sdk/src/rp2_common/pico_standard_link/binary_info.c.obj
 .binary_info.keep.__bi_ptr38
                0x0000000010008374        0x4 CMakeFiles/blink.dir/home/wilbrink/pico/pico-sdk/src/rp2_common/pico_standard_link/binary_info.c.obj
 .binary_info.keep.__bi_ptr44
                0x0000000010008378        0x4 CMakeFiles/blink.dir/home/wilbrink/pico/pico-sdk/src/rp2_common/pico_standard_link/binary_info.c.obj
 .binary_info.keep.__bi_ptr50
                0x000000001000837c        0x4 CMakeFiles/blink.dir/home/wilbrink/pico/pico-sdk/src/rp2_common/pico_standard_link/binary_info.c.obj
 .binary_info.keep.__bi_ptr75
                0x0000000010008380        0x4 CMakeFiles/blink.dir/home/wilbrink/pico/pico-sdk/src/rp2_common/pico_standard_link/binary_info.c.obj
 .binary_info.keep.__bi_ptr81
                0x0000000010008384        0x4 CMakeFiles/blink.dir/home/wilbrink/pico/pico-sdk/src/rp2_common/pico_standard_link/binary_info.c.obj
 *(.binary_info.*)
 .binary_info.__bi_ptr182
                0x0000000010008388        0x4 CMakeFiles/blink.dir/home/wilbrink/pico/pico-sdk/src/rp2_common/pico_stdio_usb/stdio_usb.c.obj
                0x000000001000838c                __binary_info_end = .

.rel.dyn        0x000000001000838c        0x0
 .rel.iplt      0x000000001000838c        0x0 /usr/lib/gcc/arm-none-eabi/10.3.1/thumb/v6-m/nofp/crtbegin.o
                0x000000001000838c                . = ALIGN (0x4)

.ram_vector_table
                0x0000000020000000       0xc0
 *(.ram_vector_table)
 .ram_vector_table
                0x0000000020000000       0xc0 CMakeFiles/blink.dir/home/wilbrink/pico/pico-sdk/src/rp2_common/pico_runtime/runtime.c.obj
                0x0000000020000000                ram_vector_table

.data           0x00000000200000c0      0xbf0 load address 0x000000001000838c
                0x00000000200000c0                __data_start__ = .
 *(vtable)
 *(.time_critical*)
 .time_critical.mutex_try_enter
                0x00000000200000c0       0x46 CMakeFiles/blink.dir/home/wilbrink/pico/pico-sdk/src/common/pico_sync/mutex.c.obj
                0x00000000200000c0                mutex_try_enter
 *fill*         0x0000000020000106        0x2 
 .time_critical.mutex_enter_block_until
                0x0000000020000108       0x8c CMakeFiles/blink.dir/home/wilbrink/pico/pico-sdk/src/common/pico_sync/mutex.c.obj
                0x0000000020000108                mutex_enter_block_until
 .time_critical.mutex_try_enter_block_until
                0x0000000020000194       0x34 CMakeFiles/blink.dir/home/wilbrink/pico/pico-sdk/src/common/pico_sync/mutex.c.obj
                0x0000000020000194                mutex_try_enter_block_until
 .time_critical.mutex_enter_timeout_ms
                0x00000000200001c8       0x68 CMakeFiles/blink.dir/home/wilbrink/pico/pico-sdk/src/common/pico_sync/mutex.c.obj
                0x00000000200001c8                mutex_enter_timeout_ms
 .time_critical.mutex_exit
                0x0000000020000230       0x4c CMakeFiles/blink.dir/home/wilbrink/pico/pico-sdk/src/common/pico_sync/mutex.c.obj
                0x0000000020000230                mutex_exit
 .time_critical.flash_init_boot2_copyout
                0x000000002000027c       0x30 CMakeFiles/blink.dir/home/wilbrink/pico/pico-sdk/src/rp2_common/hardware_flash/flash.c.obj
 .time_critical.flash_enable_xip_via_boot2
                0x00000000200002ac       0x10 CMakeFiles/blink.dir/home/wilbrink/pico/pico-sdk/src/rp2_common/hardware_flash/flash.c.obj
 .time_critical.flash_cs_force
                0x00000000200002bc       0x28 CMakeFiles/blink.dir/home/wilbrink/pico/pico-sdk/src/rp2_common/hardware_flash/flash.c.obj
 .time_critical.flash_do_cmd
                0x00000000200002e4       0xd8 CMakeFiles/blink.dir/home/wilbrink/pico/pico-sdk/src/rp2_common/hardware_flash/flash.c.obj
                0x00000000200002e4                flash_do_cmd
 .time_critical.reset_non_control_endpoints
                0x00000000200003bc       0x40 CMakeFiles/blink.dir/home/wilbrink/pico/pico-sdk/lib/tinyusb/src/portable/raspberrypi/rp2040/dcd_rp2040.c.obj
 .time_critical.hw_handle_buff_status
                0x00000000200003fc       0xa4 CMakeFiles/blink.dir/home/wilbrink/pico/pico-sdk/lib/tinyusb/src/portable/raspberrypi/rp2040/dcd_rp2040.c.obj
 .time_critical.dcd_rp2040_irq
                0x00000000200004a0      0x1cc CMakeFiles/blink.dir/home/wilbrink/pico/pico-sdk/lib/tinyusb/src/portable/raspberrypi/rp2040/dcd_rp2040.c.obj
 .time_critical.e15_is_bulkin_ep
                0x000000002000066c       0x2c CMakeFiles/blink.dir/home/wilbrink/pico/pico-sdk/lib/tinyusb/src/portable/raspberrypi/rp2040/rp2040_usb.c.obj
 .time_critical.e15_is_critical_frame_period
                0x0000000020000698       0x30 CMakeFiles/blink.dir/home/wilbrink/pico/pico-sdk/lib/tinyusb/src/portable/raspberrypi/rp2040/rp2040_usb.c.obj
 .time_critical.prepare_ep_buffer
                0x00000000200006c8       0x70 CMakeFiles/blink.dir/home/wilbrink/pico/pico-sdk/lib/tinyusb/src/portable/raspberrypi/rp2040/rp2040_usb.c.obj
 .time_critical.sync_ep_buffer
                0x0000000020000738       0x80 CMakeFiles/blink.dir/home/wilbrink/pico/pico-sdk/lib/tinyusb/src/portable/raspberrypi/rp2040/rp2040_usb.c.obj
 .time_critical._hw_endpoint_xfer_sync
                0x00000000200007b8       0x28 CMakeFiles/blink.dir/home/wilbrink/pico/pico-sdk/lib/tinyusb/src/portable/raspberrypi/rp2040/rp2040_usb.c.obj
 .time_critical.hw_endpoint_reset_transfer
                0x00000000200007e0        0xc CMakeFiles/blink.dir/home/wilbrink/pico/pico-sdk/lib/tinyusb/src/portable/raspberrypi/rp2040/rp2040_usb.c.obj
                0x00000000200007e0                hw_endpoint_reset_transfer
 .time_critical._hw_endpoint_buffer_control_update32
                0x00000000200007ec       0x58 CMakeFiles/blink.dir/home/wilbrink/pico/pico-sdk/lib/tinyusb/src/portable/raspberrypi/rp2040/rp2040_usb.c.obj
                0x00000000200007ec                _hw_endpoint_buffer_control_update32
 .time_critical.hw_endpoint_start_next_buffer
                0x0000000020000844       0x88 CMakeFiles/blink.dir/home/wilbrink/pico/pico-sdk/lib/tinyusb/src/portable/raspberrypi/rp2040/rp2040_usb.c.obj
                0x0000000020000844                hw_endpoint_start_next_buffer
 .time_critical.hw_endpoint_xfer_continue
                0x00000000200008cc       0x50 CMakeFiles/blink.dir/home/wilbrink/pico/pico-sdk/lib/tinyusb/src/portable/raspberrypi/rp2040/rp2040_usb.c.obj
                0x00000000200008cc                hw_endpoint_xfer_continue
 .time_critical.tinyusb
                0x000000002000091c      0x200 CMakeFiles/blink.dir/home/wilbrink/pico/pico-sdk/lib/tinyusb/src/device/usbd.c.obj
                0x000000002000091c                dcd_event_handler
 *(.text*)
 .text          0x0000000020000b1c        0x4 /usr/lib/gcc/arm-none-eabi/10.3.1/thumb/v6-m/nofp/libgcc.a(_dvmd_tls.o)
                0x0000000020000b1c                __aeabi_ldiv0
                0x0000000020000b1c                __aeabi_idiv0
 .text.__stub   0x0000000020000b20       0x90 linker stubs
                0x0000000020000bb0                . = ALIGN (0x4)
 *(.rodata*)
                0x0000000020000bb0                . = ALIGN (0x4)
 *(.data*)
 .data.striped_spin_lock_num
                0x0000000020000bb0        0x1 CMakeFiles/blink.dir/home/wilbrink/pico/pico-sdk/src/rp2_common/hardware_sync/sync.c.obj
 *fill*         0x0000000020000bb1        0x3 
 .data          0x0000000020000bb4       0x48 CMakeFiles/blink.dir/home/wilbrink/pico/pico-sdk/src/rp2_common/hardware_irq/irq_handler_chain.S.obj
                0x0000000020000bb4                irq_handler_chain_slots
                0x0000000020000be4                irq_handler_chain_first_slot
                0x0000000020000bee                irq_handler_chain_remove_tail
 .data.default_alarm_pool
                0x0000000020000bfc       0x18 CMakeFiles/blink.dir/home/wilbrink/pico/pico-sdk/src/common/pico_time/time.c.obj
 .data.default_alarm_pool_heap
                0x0000000020000c14       0x10 CMakeFiles/blink.dir/home/wilbrink/pico/pico-sdk/src/common/pico_time/time.c.obj
 *fill*         0x0000000020000c24        0xc 
 .data.aeabi_bits_funcs
                0x0000000020000c30       0x10 CMakeFiles/blink.dir/home/wilbrink/pico/pico-sdk/src/rp2_common/pico_bit_ops/bit_ops_aeabi.S.obj
                0x0000000020000c30                aeabi_bits_funcs
                0x0000000020000c40                aeabi_bits_funcs_end
 .data.aeabi_mem_funcs
                0x0000000020000c40       0x10 CMakeFiles/blink.dir/home/wilbrink/pico/pico-sdk/src/rp2_common/pico_mem_ops/mem_ops_aeabi.S.obj
                0x0000000020000c40                aeabi_mem_funcs
                0x0000000020000c50                aeabi_mem_funcs_end
 .data.stdio_usb
                0x0000000020000c50       0x18 CMakeFiles/blink.dir/home/wilbrink/pico/pico-sdk/src/rp2_common/pico_stdio_usb/stdio_usb.c.obj
                0x0000000020000c50                stdio_usb
 .data.ep_dir_string
                0x0000000020000c68        0x8 CMakeFiles/blink.dir/home/wilbrink/pico/pico-sdk/lib/tinyusb/src/portable/raspberrypi/rp2040/rp2040_usb.c.obj
                0x0000000020000c68                ep_dir_string
 .data._usbd_qdef
                0x0000000020000c70       0x1c CMakeFiles/blink.dir/home/wilbrink/pico/pico-sdk/lib/tinyusb/src/device/usbd.c.obj
                0x0000000020000c70                _usbd_qdef
 .data._usbd_rhport
                0x0000000020000c8c        0x1 CMakeFiles/blink.dir/home/wilbrink/pico/pico-sdk/lib/tinyusb/src/device/usbd.c.obj
                0x0000000020000c90                . = ALIGN (0x4)
 *fill*         0x0000000020000c8d        0x3 
 *(.after_data.*)
                0x0000000020000c90                . = ALIGN (0x4)
                0x0000000020000c90                PROVIDE (__mutex_array_start = .)
 *(SORT_BY_NAME(.mutex_array.*))
 *(.mutex_array)
 .mutex_array   0x0000000020000c90        0x8 CMakeFiles/blink.dir/home/wilbrink/pico/pico-sdk/src/rp2_common/pico_stdio/stdio.c.obj
                0x0000000020000c98                PROVIDE (__mutex_array_end = .)
                0x0000000020000c98                . = ALIGN (0x4)
                0x0000000020000c98                PROVIDE (__preinit_array_start = .)
 *(SORT_BY_NAME(.preinit_array.*))
 .preinit_array.00001
                0x0000000020000c98        0x4 CMakeFiles/blink.dir/home/wilbrink/pico/pico-sdk/src/rp2_common/pico_mem_ops/mem_ops_aeabi.S.obj
 .preinit_array.00010
                0x0000000020000c9c        0x4 CMakeFiles/blink.dir/home/wilbrink/pico/pico-sdk/src/rp2_common/pico_bit_ops/bit_ops_aeabi.S.obj
 .preinit_array.00020
                0x0000000020000ca0        0x4 CMakeFiles/blink.dir/home/wilbrink/pico/pico-sdk/src/rp2_common/pico_double/double_aeabi.S.obj
 .preinit_array.00020
                0x0000000020000ca4        0x4 CMakeFiles/blink.dir/home/wilbrink/pico/pico-sdk/src/rp2_common/pico_float/float_aeabi.S.obj
 *(.preinit_array)
                0x0000000020000ca8                PROVIDE (__preinit_array_end = .)
                0x0000000020000ca8                . = ALIGN (0x4)
                0x0000000020000ca8                PROVIDE (__init_array_start = .)
 *(SORT_BY_NAME(.init_array.*))
 *(.init_array)
 .init_array    0x0000000020000ca8        0x4 /usr/lib/gcc/arm-none-eabi/10.3.1/thumb/v6-m/nofp/crtbegin.o
 .init_array    0x0000000020000cac        0x4 CMakeFiles/blink.dir/home/wilbrink/pico/pico-sdk/src/rp2_common/pico_unique_id/unique_id.c.obj
                0x0000000020000cb0                PROVIDE (__init_array_end = .)
                0x0000000020000cb0                . = ALIGN (0x4)
                0x0000000020000cb0                PROVIDE (__fini_array_start = .)
 *(SORT_BY_NAME(.fini_array.*))
 *(.fini_array)
                0x0000000020000cb0                PROVIDE (__fini_array_end = .)
 *(.jcr)
                0x0000000020000cb0                . = ALIGN (0x4)
                0x0000000020000cb0                __data_end__ = .
                0x000000001000838c                __etext = LOADADDR (.data)

.tm_clone_table
                0x0000000020000cb0        0x0 load address 0x0000000010008f7c
 .tm_clone_table
                0x0000000020000cb0        0x0 /usr/lib/gcc/arm-none-eabi/10.3.1/thumb/v6-m/nofp/crtbegin.o
 .tm_clone_table
                0x0000000020000cb0        0x0 /usr/lib/gcc/arm-none-eabi/10.3.1/thumb/v6-m/nofp/crtend.o

.igot.plt       0x0000000020000cb0        0x0 load address 0x0000000010008f7c
 .igot.plt      0x0000000020000cb0        0x0 /usr/lib/gcc/arm-none-eabi/10.3.1/thumb/v6-m/nofp/crtbegin.o

.uninitialized_data
                0x0000000020000cb0        0x0 load address 0x0000000010008f7c
                0x0000000020000cb0                . = ALIGN (0x4)
 *(.uninitialized_data*)

.scratch_x      0x0000000020040000        0x0 load address 0x0000000010008f7c
                0x0000000020040000                __scratch_x_start__ = .
 *(.scratch_x.*)
                0x0000000020040000                . = ALIGN (0x4)
                0x0000000020040000                __scratch_x_end__ = .
                0x0000000010008f7c                __scratch_x_source__ = LOADADDR (.scratch_x)

.scratch_y      0x0000000020041000        0x0 load address 0x0000000010008f7c
                0x0000000020041000                __scratch_y_start__ = .
 *(.scratch_y.*)
                0x0000000020041000                . = ALIGN (0x4)
                0x0000000020041000                __scratch_y_end__ = .
                0x0000000010008f7c                __scratch_y_source__ = LOADADDR (.scratch_y)

.bss            0x0000000020000cb0      0xd84
                0x0000000020000cb0                . = ALIGN (0x4)
                0x0000000020000cb0                __bss_start__ = .
 *(SORT_BY_ALIGNMENT(SORT_BY_NAME(.bss*)))
 .bss.default_alarm_pool_entries
                0x0000000020000cb0      0x100 CMakeFiles/blink.dir/home/wilbrink/pico/pico-sdk/src/common/pico_time/time.c.obj
 .bss.last_avail_time.2
                0x0000000020000db0        0x8 CMakeFiles/blink.dir/home/wilbrink/pico/pico-sdk/src/rp2_common/pico_stdio_usb/stdio_usb.c.obj
 .bss           0x0000000020000db8       0x1c /usr/lib/gcc/arm-none-eabi/10.3.1/thumb/v6-m/nofp/crtbegin.o
 .bss._app_driver
                0x0000000020000dd4        0x4 CMakeFiles/blink.dir/home/wilbrink/pico/pico-sdk/lib/tinyusb/src/device/usbd.c.obj
 .bss._cdcd_itf
                0x0000000020000dd8      0x2c8 CMakeFiles/blink.dir/home/wilbrink/pico/pico-sdk/lib/tinyusb/src/class/cdc/cdc_device.c.obj
 .bss._ctrl_xfer